[INFO] Scanning for projects...
[INFO] 
[INFO] ------------------------< com.exam:exam-online >------------------------
[INFO] Building exam-online 0.1.0-SNAPSHOT
[INFO]   from pom.xml
[INFO] --------------------------------[ jar ]---------------------------------
[INFO] 
[INFO] --- jacoco:0.8.12:prepare-agent (jacoco-prepare-agent) @ exam-online ---
[INFO] argLine set to -javaagent:D:\\code\\examOnline\\.m2-repo\\org\\jacoco\\org.jacoco.agent\\0.8.12\\org.jacoco.agent-0.8.12-runtime.jar=destfile=D:\\code\\examOnline\\target\\jacoco.exec,excludes=com/exam/ExamOnlineApplication.class:com/exam/**/dto/**:com/exam/**/entity/**
[INFO] 
[INFO] --- resources:3.3.1:resources (default-resources) @ exam-online ---
[INFO] Copying 3 resources from src\main\resources to target\classes
[INFO] Copying 1 resource from src\main\resources to target\classes
[INFO] 
[INFO] --- compiler:3.14.0:compile (default-compile) @ exam-online ---
[INFO] Nothing to compile - all classes are up to date.
[INFO] 
[INFO] --- resources:3.3.1:testResources (default-testResources) @ exam-online ---
[INFO] Copying 2 resources from src\test\resources to target\test-classes
[INFO] 
[INFO] --- compiler:3.14.0:testCompile (default-testCompile) @ exam-online ---
[INFO] Nothing to compile - all classes are up to date.
[INFO] 
[INFO] --- surefire:3.5.3:test (default-test) @ exam-online ---
[INFO] Using auto detected provider org.apache.maven.surefire.junitplatform.JUnitPlatformProvider
[INFO] 
[INFO] -------------------------------------------------------
[INFO]  T E S T S
[INFO] -------------------------------------------------------
[INFO] Running com.exam.exam.measure.MakeupEligibleAttributionMeasureIT
23:28:27.368 [main] INFO org.springframework.boot.test.context.SpringBootTestContextBootstrapper -- Found @SpringBootConfiguration com.exam.ExamOnlineApplication for test class com.exam.exam.measure.MakeupEligibleAttributionMeasureIT

  .   ____          _            __ _ _
 /\\ / ___'_ __ _ _(_)_ __  __ _ \ \ \ \
( ( )\___ | '_ | '_| | '_ \/ _` | \ \ \ \
 \\/  ___)| |_)| | | | | || (_| |  ) ) ) )
  '  |____| .__|_| |_|_| |_\__, | / / / /
 =========|_|==============|___/=/_/_/_/

 :: Spring Boot ::                (v3.5.5)

2026-09-27 23:28:28.218 [main] [] [] INFO  c.e.e.m.MakeupEligibleAttributionMeasureIT - Starting MakeupEligibleAttributionMeasureIT using Java 21.0.9 with PID 27036 (started by fzdzzj in D:\code\examOnline)
2026-09-27 23:28:28.222 [main] [] [] INFO  c.e.e.m.MakeupEligibleAttributionMeasureIT - The following 1 profile is active: "test"
2026-09-27 23:28:33.522 [main] [] [] INFO  o.s.d.r.c.RepositoryConfigurationDelegate - Multiple Spring Data modules found, entering strict repository configuration mode
2026-09-27 23:28:33.531 [main] [] [] INFO  o.s.d.r.c.RepositoryConfigurationDelegate - Bootstrapping Spring Data Redis repositories in DEFAULT mode.
2026-09-27 23:28:33.692 [main] [] [] INFO  o.s.d.r.c.RepositoryConfigurationDelegate - Finished Spring Data repository scanning in 125 ms. Found 0 Redis repository interfaces.
2026-09-27 23:28:35.415 [main] [] [] WARN  o.s.c.s.PostProcessorRegistrationDelegate$BeanPostProcessorChecker - Bean 'io.opentelemetry.instrumentation.spring.autoconfigure.OpenTelemetryAutoConfiguration$OpenTelemetrySdkConfig' of type [io.opentelemetry.instrumentation.spring.autoconfigure.OpenTelemetryAutoConfiguration$OpenTelemetrySdkConfig$$SpringCGLIB$$0] is not eligible for getting processed by all BeanPostProcessors (for example: not eligible for auto-proxying). Is this bean getting eagerly injected/applied to a currently created BeanPostProcessor [meterRegistryPostProcessor]? Check the corresponding BeanPostProcessor declaration and its dependencies/advisors. If this bean does not have to be post-processed, declare it with ROLE_INFRASTRUCTURE.
2026-09-27 23:28:35.430 [main] [] [] WARN  o.s.c.s.PostProcessorRegistrationDelegate$BeanPostProcessorChecker - Bean 'mapConverter' of type [io.opentelemetry.instrumentation.spring.autoconfigure.internal.MapConverter] is not eligible for getting processed by all BeanPostProcessors (for example: not eligible for auto-proxying). Is this bean getting eagerly injected/applied to a currently created BeanPostProcessor [meterRegistryPostProcessor]? Check the corresponding BeanPostProcessor declaration and its dependencies/advisors. If this bean does not have to be post-processed, declare it with ROLE_INFRASTRUCTURE.
2026-09-27 23:28:36.638 [main] [] [] INFO  c.e.a.collector.BehaviorEventRegistry - 注册行为事件策略: DRAFT_CONFLICT -> DraftConflictEventCollector
2026-09-27 23:28:36.644 [main] [] [] INFO  c.e.a.collector.BehaviorEventRegistry - 注册行为事件策略: PAGE_REFRESH -> PageRefreshEventCollector
2026-09-27 23:28:36.644 [main] [] [] INFO  c.e.a.collector.BehaviorEventRegistry - 注册行为事件策略: SUBMIT_ANOMALY -> SubmitAnomalyEventCollector
2026-09-27 23:28:36.644 [main] [] [] INFO  c.e.a.collector.BehaviorEventRegistry - 注册行为事件策略: SWITCH_SCREEN -> SwitchScreenEventCollector
2026-09-27 23:28:36.644 [main] [] [] INFO  c.e.a.collector.BehaviorEventRegistry - 注册行为事件策略: WINDOW_BLUR -> WindowBlurEventCollector
2026-09-27 23:28:36.754 [main] [] [] INFO  com.zaxxer.hikari.HikariDataSource - master - Starting...
2026-09-27 23:28:37.542 [main] [] [] INFO  com.zaxxer.hikari.pool.HikariPool - master - Added connection conn0: url=jdbc:h2:mem:exam user=SA
2026-09-27 23:28:37.546 [main] [] [] INFO  com.zaxxer.hikari.HikariDataSource - master - Start completed.
2026-09-27 23:28:37.556 [main] [] [] INFO  com.zaxxer.hikari.HikariDataSource - slave - Starting...
2026-09-27 23:28:37.558 [main] [] [] INFO  com.zaxxer.hikari.pool.HikariPool - slave - Added connection conn1: url=jdbc:h2:mem:exam user=SA
2026-09-27 23:28:37.559 [main] [] [] INFO  com.zaxxer.hikari.HikariDataSource - slave - Start completed.
2026-09-27 23:28:37.559 [main] [] [] INFO  c.b.d.d.DynamicRoutingDataSource - dynamic-datasource - add a datasource named [slave] success
2026-09-27 23:28:37.559 [main] [] [] INFO  c.b.d.d.DynamicRoutingDataSource - dynamic-datasource - add a datasource named [master] success
2026-09-27 23:28:37.560 [main] [] [] INFO  c.b.d.d.DynamicRoutingDataSource - dynamic-datasource initial loaded [2] datasource,primary datasource named [master]
2026-09-27 23:28:40.714 [main] [] [] INFO  c.e.g.strategy.GradingStrategyRegistry - 注册判分策略: JUDGE -> JudgeGradingStrategy
2026-09-27 23:28:40.714 [main] [] [] INFO  c.e.g.strategy.GradingStrategyRegistry - 注册判分策略: MULTIPLE -> MultipleChoiceGradingStrategy
2026-09-27 23:28:40.714 [main] [] [] INFO  c.e.g.strategy.GradingStrategyRegistry - 注册判分策略: SHORT_ANSWER -> ShortAnswerGradingStrategy
2026-09-27 23:28:40.714 [main] [] [] INFO  c.e.g.strategy.GradingStrategyRegistry - 注册判分策略: SINGLE -> SingleChoiceGradingStrategy
2026-09-27 23:28:45.065 [main] [] [] INFO  o.s.b.a.e.web.EndpointLinksResolver - Exposing 3 endpoints beneath base path '/actuator'
2026-09-27 23:28:45.220 [main] [] [] INFO  o.s.a.r.c.CachingConnectionFactory - Attempting to connect to: [127.0.0.1:5672]
2026-09-27 23:28:45.246 [main] [] [] INFO  o.s.a.r.l.SimpleMessageListenerContainer - Broker not available; cannot force queue declarations during start: java.net.ConnectException: Connection refused: getsockopt
2026-09-27 23:28:45.261 [org.springframework.amqp.rabbit.RabbitListenerEndpointContainer#0-1] [] [] INFO  o.s.a.r.c.CachingConnectionFactory - Attempting to connect to: [127.0.0.1:5672]
2026-09-27 23:28:45.265 [org.springframework.amqp.rabbit.RabbitListenerEndpointContainer#0-1] [] [] ERROR o.s.a.r.l.SimpleMessageListenerContainer - Failed to check/redeclare auto-delete queue(s).
org.springframework.amqp.AmqpConnectException: java.net.ConnectException: Connection refused: getsockopt
	at org.springframework.amqp.rabbit.support.RabbitExceptionTranslator.convertRabbitAccessException(RabbitExceptionTranslator.java:61)
	at org.springframework.amqp.rabbit.connection.AbstractConnectionFactory.createBareConnection(AbstractConnectionFactory.java:632)
	at org.springframework.amqp.rabbit.connection.CachingConnectionFactory.createConnection(CachingConnectionFactory.java:726)
	at org.springframework.amqp.rabbit.connection.ConnectionFactoryUtils.createConnection(ConnectionFactoryUtils.java:257)
	at org.springframework.amqp.rabbit.core.RabbitTemplate.doExecute(RabbitTemplate.java:2262)
	at org.springframework.amqp.rabbit.core.RabbitTemplate.execute(RabbitTemplate.java:2235)
	at org.springframework.amqp.rabbit.core.RabbitTemplate.execute(RabbitTemplate.java:2215)
	at org.springframework.amqp.rabbit.core.RabbitAdmin.getQueueInfo(RabbitAdmin.java:467)
	at org.springframework.amqp.rabbit.core.RabbitAdmin.getQueueProperties(RabbitAdmin.java:451)
	at org.springframework.amqp.rabbit.listener.AbstractMessageListenerContainer.attemptDeclarations(AbstractMessageListenerContainer.java:1972)
	at org.springframework.amqp.rabbit.listener.AbstractMessageListenerContainer.redeclareElementsIfNecessary(AbstractMessageListenerContainer.java:1936)
	at org.springframework.amqp.rabbit.listener.SimpleMessageListenerContainer$AsyncMessageProcessingConsumer.initialize(SimpleMessageListenerContainer.java:1481)
	at org.springframework.amqp.rabbit.listener.SimpleMessageListenerContainer$AsyncMessageProcessingConsumer.run(SimpleMessageListenerContainer.java:1322)
	at java.base/java.lang.Thread.run(Thread.java:1583)
Caused by: java.net.ConnectException: Connection refused: getsockopt
	at java.base/sun.nio.ch.Net.pollConnect(Native Method)
	at java.base/sun.nio.ch.Net.pollConnectNow(Net.java:690)
	at java.base/sun.nio.ch.NioSocketImpl.timedFinishConnect(NioSocketImpl.java:542)
	at java.base/sun.nio.ch.NioSocketImpl.connect(NioSocketImpl.java:592)
	at java.base/java.net.SocksSocketImpl.connect(SocksSocketImpl.java:327)
	at java.base/java.net.Socket.connect(Socket.java:751)
	at com.rabbitmq.client.impl.SocketFrameHandlerFactory.create(SocketFrameHandlerFactory.java:61)
	at com.rabbitmq.client.ConnectionFactory.newConnection(ConnectionFactory.java:1249)
	at com.rabbitmq.client.ConnectionFactory.newConnection(ConnectionFactory.java:1198)
	at org.springframework.amqp.rabbit.connection.AbstractConnectionFactory.connectAddresses(AbstractConnectionFactory.java:678)
	at org.springframework.amqp.rabbit.connection.AbstractConnectionFactory.connect(AbstractConnectionFactory.java:647)
	at org.springframework.amqp.rabbit.connection.AbstractConnectionFactory.createBareConnection(AbstractConnectionFactory.java:593)
	... 12 common frames omitted
2026-09-27 23:28:45.275 [org.springframework.amqp.rabbit.RabbitListenerEndpointContainer#0-1] [] [] INFO  o.s.a.r.c.CachingConnectionFactory - Attempting to connect to: [127.0.0.1:5672]
2026-09-27 23:28:45.307 [main] [] [] INFO  c.e.e.m.MakeupEligibleAttributionMeasureIT - Started MakeupEligibleAttributionMeasureIT in 17.701 seconds (process running for 19.855)
2026-09-27 23:28:45.802 [main] [] [] INFO  c.exam.config.RolePermissionInitializer - RBAC 角色/权限预置完成
2026-09-27 23:28:45.897 [main] [] [] INFO  com.exam.config.AdminInitializer - 首次启动：已创建默认管理员 username=admin（请尽快通过环境变量 ADMIN_PASSWORD 修改）
2026-09-27 23:28:45.897 [main] [] [] INFO  com.exam.config.ApplicationConfig - JWT_SECRET validated successfully (length: 58)
2026-09-27 23:28:45.897 [main] [] [] INFO  com.exam.config.ApplicationConfig - Application configuration validated successfully
Mockito is currently self-attaching to enable the inline-mock-maker. This will no longer work in future releases of the JDK. Please add Mockito as an agent to your build as described in Mockito's documentation: https://javadoc.io/doc/org.mockito/mockito-core/latest/org.mockito/org/mockito/Mockito.html#0.3
WARNING: A Java agent has been loaded dynamically (D:\code\examOnline\.m2-repo\net\bytebuddy\byte-buddy-agent\1.17.7\byte-buddy-agent-1.17.7.jar)
WARNING: If a serviceability tool is in use, please run with -XX:+EnableDynamicAgentLoading to hide this warning
WARNING: If a serviceability tool is not in use, please run with -Djdk.instrument.traceUsage for more information
WARNING: Dynamic loading of agents will be disallowed by default in a future release
MEASURE semantics 12 cases
MEASURE oracle {combo=s200-p10-a2k, expectedBelowLine=20, expectedAbsent=10, expectedSize=30, actualSize=30, actualReasonCounts={ABSENT=10, BELOW_LINE=20}, oracleMatch=true, namesPresent=true}
MEASURE oracle {combo=s1000-p10-a2k, expectedBelowLine=100, expectedAbsent=50, expectedSize=150, actualSize=150, actualReasonCounts={ABSENT=50, BELOW_LINE=100}, oracleMatch=true, namesPresent=true}
MEASURE oracle {combo=s1000-p50-a2k, expectedBelowLine=500, expectedAbsent=50, expectedSize=550, actualSize=550, actualReasonCounts={ABSENT=50, BELOW_LINE=500}, oracleMatch=true, namesPresent=true}
MEASURE oracle {combo=s1000-p90-a2k, expectedBelowLine=900, expectedAbsent=50, expectedSize=950, actualSize=950, actualReasonCounts={ABSENT=50, BELOW_LINE=900}, oracleMatch=true, namesPresent=true}
MEASURE oracle {combo=s1000-p10-a20k, expectedBelowLine=100, expectedAbsent=50, expectedSize=150, actualSize=150, actualReasonCounts={ABSENT=50, BELOW_LINE=100}, oracleMatch=true, namesPresent=true}
MEASURE oracle {combo=s3000-p10-a2k, expectedBelowLine=300, expectedAbsent=150, expectedSize=450, actualSize=450, actualReasonCounts={ABSENT=150, BELOW_LINE=300}, oracleMatch=true, namesPresent=true}
2026-09-27 23:28:50.422 [org.springframework.amqp.rabbit.RabbitListenerEndpointContainer#0-1] [] [] WARN  o.s.a.r.l.SimpleMessageListenerContainer - Consumer raised exception, processing can restart if the connection factory supports it. Exception summary: org.springframework.amqp.AmqpConnectException: java.net.ConnectException: Connection refused: getsockopt
2026-09-27 23:28:50.433 [org.springframework.amqp.rabbit.RabbitListenerEndpointContainer#0-1] [] [] INFO  o.s.a.r.l.SimpleMessageListenerContainer - Restarting Consumer@3cb60651: tags=[[]], channel=null, acknowledgeMode=MANUAL local queue size=0
2026-09-27 23:28:50.437 [org.springframework.amqp.rabbit.RabbitListenerEndpointContainer#0-2] [] [] INFO  o.s.a.r.c.CachingConnectionFactory - Attempting to connect to: [127.0.0.1:5672]
2026-09-27 23:28:50.438 [org.springframework.amqp.rabbit.RabbitListenerEndpointContainer#0-2] [] [] ERROR o.s.a.r.l.SimpleMessageListenerContainer - Failed to check/redeclare auto-delete queue(s).
2026-09-27 23:28:50.438 [org.springframework.amqp.rabbit.RabbitListenerEndpointContainer#0-2] [] [] INFO  o.s.a.r.c.CachingConnectionFactory - Attempting to connect to: [127.0.0.1:5672]
[ERROR] Tests run: 1, Failures: 0, Errors: 1, Skipped: 0, Time elapsed: 23.94 s <<< FAILURE! -- in com.exam.exam.measure.MakeupEligibleAttributionMeasureIT
[ERROR] com.exam.exam.measure.MakeupEligibleAttributionMeasureIT.measure -- Time elapsed: 4.687 s <<< ERROR!
java.lang.ClassCastException: class java.lang.Integer cannot be cast to class java.lang.Long (java.lang.Integer and java.lang.Long are in module java.base of loader 'bootstrap')
	at com.exam.exam.measure.MakeupEligibleAttributionMeasureIT.measureOne(MakeupEligibleAttributionMeasureIT.java:454)
	at com.exam.exam.measure.MakeupEligibleAttributionMeasureIT.measure(MakeupEligibleAttributionMeasureIT.java:365)
	at java.base/java.lang.reflect.Method.invoke(Method.java:580)
	at java.base/java.util.ArrayList.forEach(ArrayList.java:1596)
	at java.base/java.util.ArrayList.forEach(ArrayList.java:1596)

[INFO] 
[INFO] Results:
[INFO] 
[ERROR] Errors: 
[ERROR]   MakeupEligibleAttributionMeasureIT.measure:365->measureOne:454 ClassCast class java.lang.Integer cannot be cast to class java.lang.Long (java.lang.Integer and java.lang.Long are in module java.base of loader 'bootstrap')
[INFO] 
[ERROR] Tests run: 1, Failures: 0, Errors: 1, Skipped: 0
[INFO] 
[INFO] ------------------------------------------------------------------------
[INFO] BUILD FAILURE
[INFO] ------------------------------------------------------------------------
[INFO] Total time:  31.634 s
[INFO] Finished at: 2026-09-27T23:28:51+08:00
[INFO] ------------------------------------------------------------------------
[ERROR] Failed to execute goal org.apache.maven.plugins:maven-surefire-plugin:3.5.3:test (default-test) on project exam-online: 
[ERROR] 
[ERROR] See D:\code\examOnline\target\surefire-reports for the individual test results.
[ERROR] See dump files (if any exist) [date].dump, [date]-jvmRun[N].dump and [date].dumpstream.
[ERROR] -> [Help 1]
[ERROR] 
[ERROR] To see the full stack trace of the errors, re-run Maven with the -e switch.
[ERROR] Re-run Maven using the -X switch to enable full debug logging.
[ERROR] 
[ERROR] For more information about the errors and possible solutions, please read the following articles:
[ERROR] [Help 1] http://cwiki.apache.org/confluence/display/MAVEN/MojoFailureException
