[INFO] Scanning for projects...
[INFO] 
[INFO] ------------------------< com.exam:exam-online >------------------------
[INFO] Building exam-online 0.1.0-SNAPSHOT
[INFO]   from pom.xml
[INFO] --------------------------------[ jar ]---------------------------------
[INFO] 
[INFO] --- jacoco:0.8.12:prepare-agent (jacoco-prepare-agent) @ exam-online ---
[INFO] argLine set to -javaagent:D:\\code\\examOnline\\.m2-repo\\org\\jacoco\\org.jacoco.agent\\0.8.12\\org.jacoco.agent-0.8.12-runtime.jar=destfile=D:\\code\\examOnline\\target\\jacoco.exec,excludes=com/exam/ExamOnlineApplication.class:com/exam/**/dto/**:com/exam/**/entity/**
[INFO] 
[INFO] --- resources:3.3.1:resources (default-resources) @ exam-online ---
[INFO] Copying 3 resources from src\main\resources to target\classes
[INFO] Copying 1 resource from src\main\resources to target\classes
[INFO] 
[INFO] --- compiler:3.14.0:compile (default-compile) @ exam-online ---
[INFO] Nothing to compile - all classes are up to date.
[INFO] 
[INFO] --- resources:3.3.1:testResources (default-testResources) @ exam-online ---
[INFO] Copying 2 resources from src\test\resources to target\test-classes
[INFO] 
[INFO] --- compiler:3.14.0:testCompile (default-testCompile) @ exam-online ---
[INFO] Nothing to compile - all classes are up to date.
[INFO] 
[INFO] --- surefire:3.5.3:test (default-test) @ exam-online ---
[INFO] Using auto detected provider org.apache.maven.surefire.junitplatform.JUnitPlatformProvider
[INFO] 
[INFO] -------------------------------------------------------
[INFO]  T E S T S
[INFO] -------------------------------------------------------
[INFO] Running com.exam.exam.measure.MakeupEligibleAttributionMeasureIT
23:29:30.205 [main] INFO org.springframework.boot.test.context.SpringBootTestContextBootstrapper -- Found @SpringBootConfiguration com.exam.ExamOnlineApplication for test class com.exam.exam.measure.MakeupEligibleAttributionMeasureIT

  .   ____          _            __ _ _
 /\\ / ___'_ __ _ _(_)_ __  __ _ \ \ \ \
( ( )\___ | '_ | '_| | '_ \/ _` | \ \ \ \
 \\/  ___)| |_)| | | | | || (_| |  ) ) ) )
  '  |____| .__|_| |_|_| |_\__, | / / / /
 =========|_|==============|___/=/_/_/_/

 :: Spring Boot ::                (v3.5.5)

2026-09-27 23:29:30.996 [main] [] [] INFO  c.e.e.m.MakeupEligibleAttributionMeasureIT - Starting MakeupEligibleAttributionMeasureIT using Java 21.0.9 with PID 37656 (started by fzdzzj in D:\code\examOnline)
2026-09-27 23:29:30.998 [main] [] [] INFO  c.e.e.m.MakeupEligibleAttributionMeasureIT - The following 1 profile is active: "test"
2026-09-27 23:29:34.630 [main] [] [] INFO  o.s.d.r.c.RepositoryConfigurationDelegate - Multiple Spring Data modules found, entering strict repository configuration mode
2026-09-27 23:29:34.634 [main] [] [] INFO  o.s.d.r.c.RepositoryConfigurationDelegate - Bootstrapping Spring Data Redis repositories in DEFAULT mode.
2026-09-27 23:29:34.759 [main] [] [] INFO  o.s.d.r.c.RepositoryConfigurationDelegate - Finished Spring Data repository scanning in 99 ms. Found 0 Redis repository interfaces.
2026-09-27 23:29:35.827 [main] [] [] WARN  o.s.c.s.PostProcessorRegistrationDelegate$BeanPostProcessorChecker - Bean 'io.opentelemetry.instrumentation.spring.autoconfigure.OpenTelemetryAutoConfiguration$OpenTelemetrySdkConfig' of type [io.opentelemetry.instrumentation.spring.autoconfigure.OpenTelemetryAutoConfiguration$OpenTelemetrySdkConfig$$SpringCGLIB$$0] is not eligible for getting processed by all BeanPostProcessors (for example: not eligible for auto-proxying). Is this bean getting eagerly injected/applied to a currently created BeanPostProcessor [meterRegistryPostProcessor]? Check the corresponding BeanPostProcessor declaration and its dependencies/advisors. If this bean does not have to be post-processed, declare it with ROLE_INFRASTRUCTURE.
2026-09-27 23:29:35.838 [main] [] [] WARN  o.s.c.s.PostProcessorRegistrationDelegate$BeanPostProcessorChecker - Bean 'mapConverter' of type [io.opentelemetry.instrumentation.spring.autoconfigure.internal.MapConverter] is not eligible for getting processed by all BeanPostProcessors (for example: not eligible for auto-proxying). Is this bean getting eagerly injected/applied to a currently created BeanPostProcessor [meterRegistryPostProcessor]? Check the corresponding BeanPostProcessor declaration and its dependencies/advisors. If this bean does not have to be post-processed, declare it with ROLE_INFRASTRUCTURE.
2026-09-27 23:29:37.015 [main] [] [] INFO  c.e.a.collector.BehaviorEventRegistry - 注册行为事件策略: DRAFT_CONFLICT -> DraftConflictEventCollector
2026-09-27 23:29:37.021 [main] [] [] INFO  c.e.a.collector.BehaviorEventRegistry - 注册行为事件策略: PAGE_REFRESH -> PageRefreshEventCollector
2026-09-27 23:29:37.021 [main] [] [] INFO  c.e.a.collector.BehaviorEventRegistry - 注册行为事件策略: SUBMIT_ANOMALY -> SubmitAnomalyEventCollector
2026-09-27 23:29:37.021 [main] [] [] INFO  c.e.a.collector.BehaviorEventRegistry - 注册行为事件策略: SWITCH_SCREEN -> SwitchScreenEventCollector
2026-09-27 23:29:37.021 [main] [] [] INFO  c.e.a.collector.BehaviorEventRegistry - 注册行为事件策略: WINDOW_BLUR -> WindowBlurEventCollector
2026-09-27 23:29:37.159 [main] [] [] INFO  com.zaxxer.hikari.HikariDataSource - master - Starting...
2026-09-27 23:29:37.788 [main] [] [] INFO  com.zaxxer.hikari.pool.HikariPool - master - Added connection conn0: url=jdbc:h2:mem:exam user=SA
2026-09-27 23:29:37.791 [main] [] [] INFO  com.zaxxer.hikari.HikariDataSource - master - Start completed.
2026-09-27 23:29:37.794 [main] [] [] INFO  com.zaxxer.hikari.HikariDataSource - slave - Starting...
2026-09-27 23:29:37.795 [main] [] [] INFO  com.zaxxer.hikari.pool.HikariPool - slave - Added connection conn1: url=jdbc:h2:mem:exam user=SA
2026-09-27 23:29:37.796 [main] [] [] INFO  com.zaxxer.hikari.HikariDataSource - slave - Start completed.
2026-09-27 23:29:37.796 [main] [] [] INFO  c.b.d.d.DynamicRoutingDataSource - dynamic-datasource - add a datasource named [slave] success
2026-09-27 23:29:37.796 [main] [] [] INFO  c.b.d.d.DynamicRoutingDataSource - dynamic-datasource - add a datasource named [master] success
2026-09-27 23:29:37.796 [main] [] [] INFO  c.b.d.d.DynamicRoutingDataSource - dynamic-datasource initial loaded [2] datasource,primary datasource named [master]
2026-09-27 23:29:40.481 [main] [] [] INFO  c.e.g.strategy.GradingStrategyRegistry - 注册判分策略: JUDGE -> JudgeGradingStrategy
2026-09-27 23:29:40.481 [main] [] [] INFO  c.e.g.strategy.GradingStrategyRegistry - 注册判分策略: MULTIPLE -> MultipleChoiceGradingStrategy
2026-09-27 23:29:40.481 [main] [] [] INFO  c.e.g.strategy.GradingStrategyRegistry - 注册判分策略: SHORT_ANSWER -> ShortAnswerGradingStrategy
2026-09-27 23:29:40.481 [main] [] [] INFO  c.e.g.strategy.GradingStrategyRegistry - 注册判分策略: SINGLE -> SingleChoiceGradingStrategy
2026-09-27 23:29:43.779 [main] [] [] INFO  o.s.b.a.e.web.EndpointLinksResolver - Exposing 3 endpoints beneath base path '/actuator'
2026-09-27 23:29:43.942 [main] [] [] INFO  o.s.a.r.c.CachingConnectionFactory - Attempting to connect to: [127.0.0.1:5672]
2026-09-27 23:29:43.966 [main] [] [] INFO  o.s.a.r.l.SimpleMessageListenerContainer - Broker not available; cannot force queue declarations during start: java.net.ConnectException: Connection refused: getsockopt
2026-09-27 23:29:43.982 [org.springframework.amqp.rabbit.RabbitListenerEndpointContainer#0-1] [] [] INFO  o.s.a.r.c.CachingConnectionFactory - Attempting to connect to: [127.0.0.1:5672]
2026-09-27 23:29:44.004 [org.springframework.amqp.rabbit.RabbitListenerEndpointContainer#0-1] [] [] ERROR o.s.a.r.l.SimpleMessageListenerContainer - Failed to check/redeclare auto-delete queue(s).
org.springframework.amqp.AmqpConnectException: java.net.ConnectException: Connection refused: getsockopt
	at org.springframework.amqp.rabbit.support.RabbitExceptionTranslator.convertRabbitAccessException(RabbitExceptionTranslator.java:61)
	at org.springframework.amqp.rabbit.connection.AbstractConnectionFactory.createBareConnection(AbstractConnectionFactory.java:632)
	at org.springframework.amqp.rabbit.connection.CachingConnectionFactory.createConnection(CachingConnectionFactory.java:726)
	at org.springframework.amqp.rabbit.connection.ConnectionFactoryUtils.createConnection(ConnectionFactoryUtils.java:257)
	at org.springframework.amqp.rabbit.core.RabbitTemplate.doExecute(RabbitTemplate.java:2262)
	at org.springframework.amqp.rabbit.core.RabbitTemplate.execute(RabbitTemplate.java:2235)
	at org.springframework.amqp.rabbit.core.RabbitTemplate.execute(RabbitTemplate.java:2215)
	at org.springframework.amqp.rabbit.core.RabbitAdmin.getQueueInfo(RabbitAdmin.java:467)
	at org.springframework.amqp.rabbit.core.RabbitAdmin.getQueueProperties(RabbitAdmin.java:451)
	at org.springframework.amqp.rabbit.listener.AbstractMessageListenerContainer.attemptDeclarations(AbstractMessageListenerContainer.java:1972)
	at org.springframework.amqp.rabbit.listener.AbstractMessageListenerContainer.redeclareElementsIfNecessary(AbstractMessageListenerContainer.java:1936)
	at org.springframework.amqp.rabbit.listener.SimpleMessageListenerContainer$AsyncMessageProcessingConsumer.initialize(SimpleMessageListenerContainer.java:1481)
	at org.springframework.amqp.rabbit.listener.SimpleMessageListenerContainer$AsyncMessageProcessingConsumer.run(SimpleMessageListenerContainer.java:1322)
	at java.base/java.lang.Thread.run(Thread.java:1583)
Caused by: java.net.ConnectException: Connection refused: getsockopt
	at java.base/sun.nio.ch.Net.pollConnect(Native Method)
	at java.base/sun.nio.ch.Net.pollConnectNow(Net.java:690)
	at java.base/sun.nio.ch.NioSocketImpl.timedFinishConnect(NioSocketImpl.java:542)
	at java.base/sun.nio.ch.NioSocketImpl.connect(NioSocketImpl.java:592)
	at java.base/java.net.SocksSocketImpl.connect(SocksSocketImpl.java:327)
	at java.base/java.net.Socket.connect(Socket.java:751)
	at com.rabbitmq.client.impl.SocketFrameHandlerFactory.create(SocketFrameHandlerFactory.java:61)
	at com.rabbitmq.client.ConnectionFactory.newConnection(ConnectionFactory.java:1249)
	at com.rabbitmq.client.ConnectionFactory.newConnection(ConnectionFactory.java:1198)
	at org.springframework.amqp.rabbit.connection.AbstractConnectionFactory.connectAddresses(AbstractConnectionFactory.java:678)
	at org.springframework.amqp.rabbit.connection.AbstractConnectionFactory.connect(AbstractConnectionFactory.java:647)
	at org.springframework.amqp.rabbit.connection.AbstractConnectionFactory.createBareConnection(AbstractConnectionFactory.java:593)
	... 12 common frames omitted
2026-09-27 23:29:44.014 [org.springframework.amqp.rabbit.RabbitListenerEndpointContainer#0-1] [] [] INFO  o.s.a.r.c.CachingConnectionFactory - Attempting to connect to: [127.0.0.1:5672]
2026-09-27 23:29:44.088 [main] [] [] INFO  c.e.e.m.MakeupEligibleAttributionMeasureIT - Started MakeupEligibleAttributionMeasureIT in 13.657 seconds (process running for 15.483)
2026-09-27 23:29:44.537 [main] [] [] INFO  c.exam.config.RolePermissionInitializer - RBAC 角色/权限预置完成
2026-09-27 23:29:44.644 [main] [] [] INFO  com.exam.config.AdminInitializer - 首次启动：已创建默认管理员 username=admin（请尽快通过环境变量 ADMIN_PASSWORD 修改）
2026-09-27 23:29:44.644 [main] [] [] INFO  com.exam.config.ApplicationConfig - JWT_SECRET validated successfully (length: 58)
2026-09-27 23:29:44.644 [main] [] [] INFO  com.exam.config.ApplicationConfig - Application configuration validated successfully
Mockito is currently self-attaching to enable the inline-mock-maker. This will no longer work in future releases of the JDK. Please add Mockito as an agent to your build as described in Mockito's documentation: https://javadoc.io/doc/org.mockito/mockito-core/latest/org.mockito/org/mockito/Mockito.html#0.3
WARNING: A Java agent has been loaded dynamically (D:\code\examOnline\.m2-repo\net\bytebuddy\byte-buddy-agent\1.17.7\byte-buddy-agent-1.17.7.jar)
WARNING: If a serviceability tool is in use, please run with -XX:+EnableDynamicAgentLoading to hide this warning
WARNING: If a serviceability tool is not in use, please run with -Djdk.instrument.traceUsage for more information
WARNING: Dynamic loading of agents will be disallowed by default in a future release
MEASURE semantics 12 cases
MEASURE oracle {combo=s200-p10-a2k, expectedBelowLine=20, expectedAbsent=10, expectedSize=30, actualSize=30, actualReasonCounts={ABSENT=10, BELOW_LINE=20}, oracleMatch=true, namesPresent=true}
MEASURE oracle {combo=s1000-p10-a2k, expectedBelowLine=100, expectedAbsent=50, expectedSize=150, actualSize=150, actualReasonCounts={ABSENT=50, BELOW_LINE=100}, oracleMatch=true, namesPresent=true}
MEASURE oracle {combo=s1000-p50-a2k, expectedBelowLine=500, expectedAbsent=50, expectedSize=550, actualSize=550, actualReasonCounts={ABSENT=50, BELOW_LINE=500}, oracleMatch=true, namesPresent=true}
MEASURE oracle {combo=s1000-p90-a2k, expectedBelowLine=900, expectedAbsent=50, expectedSize=950, actualSize=950, actualReasonCounts={ABSENT=50, BELOW_LINE=900}, oracleMatch=true, namesPresent=true}
MEASURE oracle {combo=s1000-p10-a20k, expectedBelowLine=100, expectedAbsent=50, expectedSize=150, actualSize=150, actualReasonCounts={ABSENT=50, BELOW_LINE=100}, oracleMatch=true, namesPresent=true}
MEASURE oracle {combo=s3000-p10-a2k, expectedBelowLine=300, expectedAbsent=150, expectedSize=450, actualSize=450, actualReasonCounts={ABSENT=150, BELOW_LINE=300}, oracleMatch=true, namesPresent=true}
2026-09-27 23:29:49.189 [org.springframework.amqp.rabbit.RabbitListenerEndpointContainer#0-1] [] [] WARN  o.s.a.r.l.SimpleMessageListenerContainer - Consumer raised exception, processing can restart if the connection factory supports it. Exception summary: org.springframework.amqp.AmqpConnectException: java.net.ConnectException: Connection refused: getsockopt
2026-09-27 23:29:49.199 [org.springframework.amqp.rabbit.RabbitListenerEndpointContainer#0-1] [] [] INFO  o.s.a.r.l.SimpleMessageListenerContainer - Restarting Consumer@6136296f: tags=[[]], channel=null, acknowledgeMode=MANUAL local queue size=0
2026-09-27 23:29:49.203 [org.springframework.amqp.rabbit.RabbitListenerEndpointContainer#0-2] [] [] INFO  o.s.a.r.c.CachingConnectionFactory - Attempting to connect to: [127.0.0.1:5672]
2026-09-27 23:29:49.204 [org.springframework.amqp.rabbit.RabbitListenerEndpointContainer#0-2] [] [] ERROR o.s.a.r.l.SimpleMessageListenerContainer - Failed to check/redeclare auto-delete queue(s).
2026-09-27 23:29:49.204 [org.springframework.amqp.rabbit.RabbitListenerEndpointContainer#0-2] [] [] INFO  o.s.a.r.c.CachingConnectionFactory - Attempting to connect to: [127.0.0.1:5672]
MEASURE s200-p10-a2k r1 order=[OLD, PUSHDOWN, PROJECTION] prodFirst=1.722 prodLast=1.795 OLD=2.358 PUSHDOWN=1.335 PROJECTION=1.213 ratios(prodFirst) OLD=0.73 PUSH=1.29 PROJ=1.42 prodLastVsFirst=0.959
MEASURE s200-p10-a2k r2 order=[PROJECTION, PUSHDOWN, OLD] prodFirst=1.176 prodLast=1.134 OLD=1.017 PUSHDOWN=0.583 PROJECTION=0.619 ratios(prodFirst) OLD=1.156 PUSH=2.017 PROJ=1.9 prodLastVsFirst=1.037
MEASURE s200-p10-a2k r3 order=[PUSHDOWN, OLD, PROJECTION] prodFirst=1.629 prodLast=1.565 OLD=1.158 PUSHDOWN=0.546 PROJECTION=0.885 ratios(prodFirst) OLD=1.407 PUSH=2.984 PROJ=1.841 prodLastVsFirst=1.041
MEASURE s200-p10-a2k r4 order=[PROJECTION, OLD, PUSHDOWN] prodFirst=0.992 prodLast=1.085 OLD=0.812 PUSHDOWN=0.562 PROJECTION=0.709 ratios(prodFirst) OLD=1.222 PUSH=1.765 PROJ=1.399 prodLastVsFirst=0.914
MEASURE s1000-p10-a2k r1 order=[OLD, PUSHDOWN, PROJECTION] prodFirst=3.274 prodLast=4.023 OLD=3.181 PUSHDOWN=1.054 PROJECTION=1.796 ratios(prodFirst) OLD=1.029 PUSH=3.106 PROJ=1.823 prodLastVsFirst=0.814
MEASURE s1000-p10-a2k r2 order=[PROJECTION, PUSHDOWN, OLD] prodFirst=3.01 prodLast=4.411 OLD=3.119 PUSHDOWN=1.2 PROJECTION=1.87 ratios(prodFirst) OLD=0.965 PUSH=2.508 PROJ=1.61 prodLastVsFirst=0.682
MEASURE s1000-p10-a2k r3 order=[PUSHDOWN, OLD, PROJECTION] prodFirst=2.955 prodLast=3.071 OLD=3.179 PUSHDOWN=1.301 PROJECTION=1.824 ratios(prodFirst) OLD=0.93 PUSH=2.271 PROJ=1.62 prodLastVsFirst=0.962
MEASURE s1000-p10-a2k r4 order=[PROJECTION, OLD, PUSHDOWN] prodFirst=2.622 prodLast=2.169 OLD=1.724 PUSHDOWN=0.619 PROJECTION=1.167 ratios(prodFirst) OLD=1.521 PUSH=4.236 PROJ=2.247 prodLastVsFirst=1.209
MEASURE s1000-p50-a2k r1 order=[OLD, PUSHDOWN, PROJECTION] prodFirst=4.347 prodLast=2.74 OLD=3.53 PUSHDOWN=2.437 PROJECTION=1.84 ratios(prodFirst) OLD=1.231 PUSH=1.784 PROJ=2.363 prodLastVsFirst=1.586
2026-09-27 23:29:54.336 [org.springframework.amqp.rabbit.RabbitListenerEndpointContainer#0-2] [] [] WARN  o.s.a.r.l.SimpleMessageListenerContainer - Consumer raised exception, processing can restart if the connection factory supports it. Exception summary: org.springframework.amqp.AmqpConnectException: java.net.ConnectException: Connection refused: getsockopt
2026-09-27 23:29:54.337 [org.springframework.amqp.rabbit.RabbitListenerEndpointContainer#0-2] [] [] INFO  o.s.a.r.l.SimpleMessageListenerContainer - Restarting Consumer@70a36590: tags=[[]], channel=null, acknowledgeMode=MANUAL local queue size=0
2026-09-27 23:29:54.339 [org.springframework.amqp.rabbit.RabbitListenerEndpointContainer#0-3] [] [] INFO  o.s.a.r.c.CachingConnectionFactory - Attempting to connect to: [127.0.0.1:5672]
2026-09-27 23:29:54.340 [org.springframework.amqp.rabbit.RabbitListenerEndpointContainer#0-3] [] [] ERROR o.s.a.r.l.SimpleMessageListenerContainer - Failed to check/redeclare auto-delete queue(s).
2026-09-27 23:29:54.340 [org.springframework.amqp.rabbit.RabbitListenerEndpointContainer#0-3] [] [] INFO  o.s.a.r.c.CachingConnectionFactory - Attempting to connect to: [127.0.0.1:5672]
MEASURE s1000-p50-a2k r2 order=[PROJECTION, PUSHDOWN, OLD] prodFirst=3.715 prodLast=6.851 OLD=3.768 PUSHDOWN=2.209 PROJECTION=2.16 ratios(prodFirst) OLD=0.986 PUSH=1.682 PROJ=1.72 prodLastVsFirst=0.542
MEASURE s1000-p50-a2k r3 order=[PUSHDOWN, OLD, PROJECTION] prodFirst=4.026 prodLast=3.743 OLD=5.637 PUSHDOWN=3.221 PROJECTION=3.044 ratios(prodFirst) OLD=0.714 PUSH=1.25 PROJ=1.323 prodLastVsFirst=1.076
MEASURE s1000-p50-a2k r4 order=[PROJECTION, OLD, PUSHDOWN] prodFirst=3.572 prodLast=6.564 OLD=2.982 PUSHDOWN=3.261 PROJECTION=1.977 ratios(prodFirst) OLD=1.198 PUSH=1.095 PROJ=1.807 prodLastVsFirst=0.544
MEASURE s1000-p90-a2k r1 order=[OLD, PUSHDOWN, PROJECTION] prodFirst=4.906 prodLast=6.065 OLD=5.245 PUSHDOWN=6.705 PROJECTION=4.426 ratios(prodFirst) OLD=0.935 PUSH=0.732 PROJ=1.108 prodLastVsFirst=0.809
2026-09-27 23:29:59.487 [org.springframework.amqp.rabbit.RabbitListenerEndpointContainer#0-3] [] [] WARN  o.s.a.r.l.SimpleMessageListenerContainer - Consumer raised exception, processing can restart if the connection factory supports it. Exception summary: org.springframework.amqp.AmqpConnectException: java.net.ConnectException: Connection refused: getsockopt
2026-09-27 23:29:59.487 [org.springframework.amqp.rabbit.RabbitListenerEndpointContainer#0-3] [] [] INFO  o.s.a.r.l.SimpleMessageListenerContainer - Restarting Consumer@7405bf09: tags=[[]], channel=null, acknowledgeMode=MANUAL local queue size=0
2026-09-27 23:29:59.489 [org.springframework.amqp.rabbit.RabbitListenerEndpointContainer#0-4] [] [] INFO  o.s.a.r.c.CachingConnectionFactory - Attempting to connect to: [127.0.0.1:5672]
2026-09-27 23:29:59.490 [org.springframework.amqp.rabbit.RabbitListenerEndpointContainer#0-4] [] [] ERROR o.s.a.r.l.SimpleMessageListenerContainer - Failed to check/redeclare auto-delete queue(s).
2026-09-27 23:29:59.490 [org.springframework.amqp.rabbit.RabbitListenerEndpointContainer#0-4] [] [] INFO  o.s.a.r.c.CachingConnectionFactory - Attempting to connect to: [127.0.0.1:5672]
MEASURE s1000-p90-a2k r2 order=[PROJECTION, PUSHDOWN, OLD] prodFirst=4.359 prodLast=6.285 OLD=6.046 PUSHDOWN=5.464 PROJECTION=4.717 ratios(prodFirst) OLD=0.721 PUSH=0.798 PROJ=0.924 prodLastVsFirst=0.694
MEASURE s1000-p90-a2k r3 order=[PUSHDOWN, OLD, PROJECTION] prodFirst=4.874 prodLast=6.539 OLD=3.906 PUSHDOWN=4.9 PROJECTION=2.908 ratios(prodFirst) OLD=1.248 PUSH=0.995 PROJ=1.676 prodLastVsFirst=0.745
MEASURE s1000-p90-a2k r4 order=[PROJECTION, OLD, PUSHDOWN] prodFirst=3.571 prodLast=6.891 OLD=4.497 PUSHDOWN=6.243 PROJECTION=2.587 ratios(prodFirst) OLD=0.794 PUSH=0.572 PROJ=1.38 prodLastVsFirst=0.518
MEASURE s1000-p10-a20k r1 order=[OLD, PUSHDOWN, PROJECTION] prodFirst=2.661 prodLast=2.005 OLD=2.154 PUSHDOWN=0.646 PROJECTION=1.009 ratios(prodFirst) OLD=1.235 PUSH=4.119 PROJ=2.637 prodLastVsFirst=1.327
MEASURE s1000-p10-a20k r2 order=[PROJECTION, PUSHDOWN, OLD] prodFirst=3.896 prodLast=1.752 OLD=3.139 PUSHDOWN=1.177 PROJECTION=1.764 ratios(prodFirst) OLD=1.241 PUSH=3.31 PROJ=2.209 prodLastVsFirst=2.224
MEASURE s1000-p10-a20k r3 order=[PUSHDOWN, OLD, PROJECTION] prodFirst=2.582 prodLast=3.807 OLD=2.568 PUSHDOWN=0.885 PROJECTION=1.232 ratios(prodFirst) OLD=1.005 PUSH=2.918 PROJ=2.096 prodLastVsFirst=0.678
MEASURE s1000-p10-a20k r4 order=[PROJECTION, OLD, PUSHDOWN] prodFirst=2.611 prodLast=2.974 OLD=3.091 PUSHDOWN=0.987 PROJECTION=1.161 ratios(prodFirst) OLD=0.845 PUSH=2.645 PROJ=2.249 prodLastVsFirst=0.878
2026-09-27 23:30:04.636 [org.springframework.amqp.rabbit.RabbitListenerEndpointContainer#0-4] [] [] WARN  o.s.a.r.l.SimpleMessageListenerContainer - Consumer raised exception, processing can restart if the connection factory supports it. Exception summary: org.springframework.amqp.AmqpConnectException: java.net.ConnectException: Connection refused: getsockopt
2026-09-27 23:30:04.636 [org.springframework.amqp.rabbit.RabbitListenerEndpointContainer#0-4] [] [] INFO  o.s.a.r.l.SimpleMessageListenerContainer - Restarting Consumer@913a78e: tags=[[]], channel=null, acknowledgeMode=MANUAL local queue size=0
2026-09-27 23:30:04.638 [org.springframework.amqp.rabbit.RabbitListenerEndpointContainer#0-5] [] [] INFO  o.s.a.r.c.CachingConnectionFactory - Attempting to connect to: [127.0.0.1:5672]
2026-09-27 23:30:04.639 [org.springframework.amqp.rabbit.RabbitListenerEndpointContainer#0-5] [] [] ERROR o.s.a.r.l.SimpleMessageListenerContainer - Failed to check/redeclare auto-delete queue(s).
2026-09-27 23:30:04.639 [org.springframework.amqp.rabbit.RabbitListenerEndpointContainer#0-5] [] [] INFO  o.s.a.r.c.CachingConnectionFactory - Attempting to connect to: [127.0.0.1:5672]
MEASURE s3000-p10-a2k r1 order=[OLD, PUSHDOWN, PROJECTION] prodFirst=6.646 prodLast=6.535 OLD=5.724 PUSHDOWN=2.333 PROJECTION=4.698 ratios(prodFirst) OLD=1.161 PUSH=2.849 PROJ=1.415 prodLastVsFirst=1.017
MEASURE s3000-p10-a2k r2 order=[PROJECTION, PUSHDOWN, OLD] prodFirst=10.936 prodLast=9.009 OLD=9.092 PUSHDOWN=2.905 PROJECTION=3.999 ratios(prodFirst) OLD=1.203 PUSH=3.765 PROJ=2.735 prodLastVsFirst=1.214
MEASURE s3000-p10-a2k r3 order=[PUSHDOWN, OLD, PROJECTION] prodFirst=6.793 prodLast=9.209 OLD=9.774 PUSHDOWN=2.183 PROJECTION=5.167 ratios(prodFirst) OLD=0.695 PUSH=3.112 PROJ=1.315 prodLastVsFirst=0.738
2026-09-27 23:30:09.820 [org.springframework.amqp.rabbit.RabbitListenerEndpointContainer#0-5] [] [] WARN  o.s.a.r.l.SimpleMessageListenerContainer - Consumer raised exception, processing can restart if the connection factory supports it. Exception summary: org.springframework.amqp.AmqpConnectException: java.net.ConnectException: Connection refused: getsockopt
2026-09-27 23:30:09.820 [org.springframework.amqp.rabbit.RabbitListenerEndpointContainer#0-5] [] [] INFO  o.s.a.r.l.SimpleMessageListenerContainer - Restarting Consumer@57856e0c: tags=[[]], channel=null, acknowledgeMode=MANUAL local queue size=0
2026-09-27 23:30:09.822 [org.springframework.amqp.rabbit.RabbitListenerEndpointContainer#0-6] [] [] INFO  o.s.a.r.c.CachingConnectionFactory - Attempting to connect to: [127.0.0.1:5672]
2026-09-27 23:30:09.836 [org.springframework.amqp.rabbit.RabbitListenerEndpointContainer#0-6] [] [] ERROR o.s.a.r.l.SimpleMessageListenerContainer - Failed to check/redeclare auto-delete queue(s).
2026-09-27 23:30:09.836 [org.springframework.amqp.rabbit.RabbitListenerEndpointContainer#0-6] [] [] INFO  o.s.a.r.c.CachingConnectionFactory - Attempting to connect to: [127.0.0.1:5672]
MEASURE s3000-p10-a2k r4 order=[PROJECTION, OLD, PUSHDOWN] prodFirst=5.176 prodLast=4.645 OLD=11.729 PUSHDOWN=2.166 PROJECTION=3.643 ratios(prodFirst) OLD=0.441 PUSH=2.39 PROJ=1.421 prodLastVsFirst=1.114
MEASURE wrote D:\code\examOnline\spec\changes\update-makeup-eligible-score-filter-attribution\evidence\makeup-eligible-attribution-run1.json
[INFO] Tests run: 1, Failures: 0, Errors: 0, Skipped: 0, Time elapsed: 41.74 s -- in com.exam.exam.measure.MakeupEligibleAttributionMeasureIT
[INFO] 
[INFO] Results:
[INFO] 
[INFO] Tests run: 1, Failures: 0, Errors: 0, Skipped: 0
[INFO] 
[INFO] 
[INFO] --- jacoco:0.8.12:report (jacoco-report) @ exam-online ---
[INFO] Loading execution data file D:\code\examOnline\target\jacoco.exec
[INFO] Analyzed bundle 'exam-online' with 133 classes
[INFO] ------------------------------------------------------------------------
[INFO] BUILD SUCCESS
[INFO] ------------------------------------------------------------------------
[INFO] Total time:  49.199 s
[INFO] Finished at: 2026-09-27T23:30:13+08:00
[INFO] ------------------------------------------------------------------------
