[INFO] Scanning for projects...
[INFO] 
[INFO] ------------------------< com.exam:exam-online >------------------------
[INFO] Building exam-online 0.1.0-SNAPSHOT
[INFO]   from pom.xml
[INFO] --------------------------------[ jar ]---------------------------------
[INFO] 
[INFO] --- jacoco:0.8.12:prepare-agent (jacoco-prepare-agent) @ exam-online ---
[INFO] argLine set to -javaagent:D:\\code\\examOnline\\.m2-repo\\org\\jacoco\\org.jacoco.agent\\0.8.12\\org.jacoco.agent-0.8.12-runtime.jar=destfile=D:\\code\\examOnline\\target\\jacoco.exec,excludes=com/exam/ExamOnlineApplication.class:com/exam/**/dto/**:com/exam/**/entity/**
[INFO] 
[INFO] --- resources:3.3.1:resources (default-resources) @ exam-online ---
[INFO] Copying 3 resources from src\main\resources to target\classes
[INFO] Copying 1 resource from src\main\resources to target\classes
[INFO] 
[INFO] --- compiler:3.14.0:compile (default-compile) @ exam-online ---
[INFO] Nothing to compile - all classes are up to date.
[INFO] 
[INFO] --- resources:3.3.1:testResources (default-testResources) @ exam-online ---
[INFO] Copying 2 resources from src\test\resources to target\test-classes
[INFO] 
[INFO] --- compiler:3.14.0:testCompile (default-testCompile) @ exam-online ---
[INFO] Nothing to compile - all classes are up to date.
[INFO] 
[INFO] --- surefire:3.5.3:test (default-test) @ exam-online ---
[INFO] Using auto detected provider org.apache.maven.surefire.junitplatform.JUnitPlatformProvider
[INFO] 
[INFO] -------------------------------------------------------
[INFO]  T E S T S
[INFO] -------------------------------------------------------
[INFO] Running com.exam.exam.measure.MakeupEligibleAttributionMeasureIT
23:31:16.359 [main] INFO org.springframework.boot.test.context.SpringBootTestContextBootstrapper -- Found @SpringBootConfiguration com.exam.ExamOnlineApplication for test class com.exam.exam.measure.MakeupEligibleAttributionMeasureIT

  .   ____          _            __ _ _
 /\\ / ___'_ __ _ _(_)_ __  __ _ \ \ \ \
( ( )\___ | '_ | '_| | '_ \/ _` | \ \ \ \
 \\/  ___)| |_)| | | | | || (_| |  ) ) ) )
  '  |____| .__|_| |_|_| |_\__, | / / / /
 =========|_|==============|___/=/_/_/_/

 :: Spring Boot ::                (v3.5.5)

2026-09-27 23:31:17.167 [main] [] [] INFO  c.e.e.m.MakeupEligibleAttributionMeasureIT - Starting MakeupEligibleAttributionMeasureIT using Java 21.0.9 with PID 21464 (started by fzdzzj in D:\code\examOnline)
2026-09-27 23:31:17.169 [main] [] [] INFO  c.e.e.m.MakeupEligibleAttributionMeasureIT - The following 1 profile is active: "test"
2026-09-27 23:31:20.111 [main] [] [] INFO  o.s.d.r.c.RepositoryConfigurationDelegate - Multiple Spring Data modules found, entering strict repository configuration mode
2026-09-27 23:31:20.117 [main] [] [] INFO  o.s.d.r.c.RepositoryConfigurationDelegate - Bootstrapping Spring Data Redis repositories in DEFAULT mode.
2026-09-27 23:31:20.246 [main] [] [] INFO  o.s.d.r.c.RepositoryConfigurationDelegate - Finished Spring Data repository scanning in 96 ms. Found 0 Redis repository interfaces.
2026-09-27 23:31:21.727 [main] [] [] WARN  o.s.c.s.PostProcessorRegistrationDelegate$BeanPostProcessorChecker - Bean 'io.opentelemetry.instrumentation.spring.autoconfigure.OpenTelemetryAutoConfiguration$OpenTelemetrySdkConfig' of type [io.opentelemetry.instrumentation.spring.autoconfigure.OpenTelemetryAutoConfiguration$OpenTelemetrySdkConfig$$SpringCGLIB$$0] is not eligible for getting processed by all BeanPostProcessors (for example: not eligible for auto-proxying). Is this bean getting eagerly injected/applied to a currently created BeanPostProcessor [meterRegistryPostProcessor]? Check the corresponding BeanPostProcessor declaration and its dependencies/advisors. If this bean does not have to be post-processed, declare it with ROLE_INFRASTRUCTURE.
2026-09-27 23:31:21.741 [main] [] [] WARN  o.s.c.s.PostProcessorRegistrationDelegate$BeanPostProcessorChecker - Bean 'mapConverter' of type [io.opentelemetry.instrumentation.spring.autoconfigure.internal.MapConverter] is not eligible for getting processed by all BeanPostProcessors (for example: not eligible for auto-proxying). Is this bean getting eagerly injected/applied to a currently created BeanPostProcessor [meterRegistryPostProcessor]? Check the corresponding BeanPostProcessor declaration and its dependencies/advisors. If this bean does not have to be post-processed, declare it with ROLE_INFRASTRUCTURE.
2026-09-27 23:31:22.828 [main] [] [] INFO  c.e.a.collector.BehaviorEventRegistry - 注册行为事件策略: DRAFT_CONFLICT -> DraftConflictEventCollector
2026-09-27 23:31:22.832 [main] [] [] INFO  c.e.a.collector.BehaviorEventRegistry - 注册行为事件策略: PAGE_REFRESH -> PageRefreshEventCollector
2026-09-27 23:31:22.832 [main] [] [] INFO  c.e.a.collector.BehaviorEventRegistry - 注册行为事件策略: SUBMIT_ANOMALY -> SubmitAnomalyEventCollector
2026-09-27 23:31:22.833 [main] [] [] INFO  c.e.a.collector.BehaviorEventRegistry - 注册行为事件策略: SWITCH_SCREEN -> SwitchScreenEventCollector
2026-09-27 23:31:22.833 [main] [] [] INFO  c.e.a.collector.BehaviorEventRegistry - 注册行为事件策略: WINDOW_BLUR -> WindowBlurEventCollector
2026-09-27 23:31:22.947 [main] [] [] INFO  com.zaxxer.hikari.HikariDataSource - master - Starting...
2026-09-27 23:31:23.631 [main] [] [] INFO  com.zaxxer.hikari.pool.HikariPool - master - Added connection conn0: url=jdbc:h2:mem:exam user=SA
2026-09-27 23:31:23.637 [main] [] [] INFO  com.zaxxer.hikari.HikariDataSource - master - Start completed.
2026-09-27 23:31:23.641 [main] [] [] INFO  com.zaxxer.hikari.HikariDataSource - slave - Starting...
2026-09-27 23:31:23.641 [main] [] [] INFO  com.zaxxer.hikari.pool.HikariPool - slave - Added connection conn1: url=jdbc:h2:mem:exam user=SA
2026-09-27 23:31:23.645 [main] [] [] INFO  com.zaxxer.hikari.HikariDataSource - slave - Start completed.
2026-09-27 23:31:23.645 [main] [] [] INFO  c.b.d.d.DynamicRoutingDataSource - dynamic-datasource - add a datasource named [slave] success
2026-09-27 23:31:23.645 [main] [] [] INFO  c.b.d.d.DynamicRoutingDataSource - dynamic-datasource - add a datasource named [master] success
2026-09-27 23:31:23.645 [main] [] [] INFO  c.b.d.d.DynamicRoutingDataSource - dynamic-datasource initial loaded [2] datasource,primary datasource named [master]
2026-09-27 23:31:26.509 [main] [] [] INFO  c.e.g.strategy.GradingStrategyRegistry - 注册判分策略: JUDGE -> JudgeGradingStrategy
2026-09-27 23:31:26.511 [main] [] [] INFO  c.e.g.strategy.GradingStrategyRegistry - 注册判分策略: MULTIPLE -> MultipleChoiceGradingStrategy
2026-09-27 23:31:26.511 [main] [] [] INFO  c.e.g.strategy.GradingStrategyRegistry - 注册判分策略: SHORT_ANSWER -> ShortAnswerGradingStrategy
2026-09-27 23:31:26.511 [main] [] [] INFO  c.e.g.strategy.GradingStrategyRegistry - 注册判分策略: SINGLE -> SingleChoiceGradingStrategy
2026-09-27 23:31:29.742 [main] [] [] INFO  o.s.b.a.e.web.EndpointLinksResolver - Exposing 3 endpoints beneath base path '/actuator'
2026-09-27 23:31:29.891 [main] [] [] INFO  o.s.a.r.c.CachingConnectionFactory - Attempting to connect to: [127.0.0.1:5672]
2026-09-27 23:31:29.918 [main] [] [] INFO  o.s.a.r.l.SimpleMessageListenerContainer - Broker not available; cannot force queue declarations during start: java.net.ConnectException: Connection refused: getsockopt
2026-09-27 23:31:29.933 [org.springframework.amqp.rabbit.RabbitListenerEndpointContainer#0-1] [] [] INFO  o.s.a.r.c.CachingConnectionFactory - Attempting to connect to: [127.0.0.1:5672]
2026-09-27 23:31:29.950 [org.springframework.amqp.rabbit.RabbitListenerEndpointContainer#0-1] [] [] ERROR o.s.a.r.l.SimpleMessageListenerContainer - Failed to check/redeclare auto-delete queue(s).
org.springframework.amqp.AmqpConnectException: java.net.ConnectException: Connection refused: getsockopt
	at org.springframework.amqp.rabbit.support.RabbitExceptionTranslator.convertRabbitAccessException(RabbitExceptionTranslator.java:61)
	at org.springframework.amqp.rabbit.connection.AbstractConnectionFactory.createBareConnection(AbstractConnectionFactory.java:632)
	at org.springframework.amqp.rabbit.connection.CachingConnectionFactory.createConnection(CachingConnectionFactory.java:726)
	at org.springframework.amqp.rabbit.connection.ConnectionFactoryUtils.createConnection(ConnectionFactoryUtils.java:257)
	at org.springframework.amqp.rabbit.core.RabbitTemplate.doExecute(RabbitTemplate.java:2262)
	at org.springframework.amqp.rabbit.core.RabbitTemplate.execute(RabbitTemplate.java:2235)
	at org.springframework.amqp.rabbit.core.RabbitTemplate.execute(RabbitTemplate.java:2215)
	at org.springframework.amqp.rabbit.core.RabbitAdmin.getQueueInfo(RabbitAdmin.java:467)
	at org.springframework.amqp.rabbit.core.RabbitAdmin.getQueueProperties(RabbitAdmin.java:451)
	at org.springframework.amqp.rabbit.listener.AbstractMessageListenerContainer.attemptDeclarations(AbstractMessageListenerContainer.java:1972)
	at org.springframework.amqp.rabbit.listener.AbstractMessageListenerContainer.redeclareElementsIfNecessary(AbstractMessageListenerContainer.java:1936)
	at org.springframework.amqp.rabbit.listener.SimpleMessageListenerContainer$AsyncMessageProcessingConsumer.initialize(SimpleMessageListenerContainer.java:1481)
	at org.springframework.amqp.rabbit.listener.SimpleMessageListenerContainer$AsyncMessageProcessingConsumer.run(SimpleMessageListenerContainer.java:1322)
	at java.base/java.lang.Thread.run(Thread.java:1583)
Caused by: java.net.ConnectException: Connection refused: getsockopt
	at java.base/sun.nio.ch.Net.pollConnect(Native Method)
	at java.base/sun.nio.ch.Net.pollConnectNow(Net.java:690)
	at java.base/sun.nio.ch.NioSocketImpl.timedFinishConnect(NioSocketImpl.java:542)
	at java.base/sun.nio.ch.NioSocketImpl.connect(NioSocketImpl.java:592)
	at java.base/java.net.SocksSocketImpl.connect(SocksSocketImpl.java:327)
	at java.base/java.net.Socket.connect(Socket.java:751)
	at com.rabbitmq.client.impl.SocketFrameHandlerFactory.create(SocketFrameHandlerFactory.java:61)
	at com.rabbitmq.client.ConnectionFactory.newConnection(ConnectionFactory.java:1249)
	at com.rabbitmq.client.ConnectionFactory.newConnection(ConnectionFactory.java:1198)
	at org.springframework.amqp.rabbit.connection.AbstractConnectionFactory.connectAddresses(AbstractConnectionFactory.java:678)
	at org.springframework.amqp.rabbit.connection.AbstractConnectionFactory.connect(AbstractConnectionFactory.java:647)
	at org.springframework.amqp.rabbit.connection.AbstractConnectionFactory.createBareConnection(AbstractConnectionFactory.java:593)
	... 12 common frames omitted
2026-09-27 23:31:29.959 [org.springframework.amqp.rabbit.RabbitListenerEndpointContainer#0-1] [] [] INFO  o.s.a.r.c.CachingConnectionFactory - Attempting to connect to: [127.0.0.1:5672]
2026-09-27 23:31:29.991 [main] [] [] INFO  c.e.e.m.MakeupEligibleAttributionMeasureIT - Started MakeupEligibleAttributionMeasureIT in 13.395 seconds (process running for 15.345)
2026-09-27 23:31:30.390 [main] [] [] INFO  c.exam.config.RolePermissionInitializer - RBAC 角色/权限预置完成
2026-09-27 23:31:30.468 [main] [] [] INFO  com.exam.config.AdminInitializer - 首次启动：已创建默认管理员 username=admin（请尽快通过环境变量 ADMIN_PASSWORD 修改）
2026-09-27 23:31:30.469 [main] [] [] INFO  com.exam.config.ApplicationConfig - JWT_SECRET validated successfully (length: 58)
2026-09-27 23:31:30.469 [main] [] [] INFO  com.exam.config.ApplicationConfig - Application configuration validated successfully
Mockito is currently self-attaching to enable the inline-mock-maker. This will no longer work in future releases of the JDK. Please add Mockito as an agent to your build as described in Mockito's documentation: https://javadoc.io/doc/org.mockito/mockito-core/latest/org.mockito/org/mockito/Mockito.html#0.3
WARNING: A Java agent has been loaded dynamically (D:\code\examOnline\.m2-repo\net\bytebuddy\byte-buddy-agent\1.17.7\byte-buddy-agent-1.17.7.jar)
WARNING: If a serviceability tool is in use, please run with -XX:+EnableDynamicAgentLoading to hide this warning
WARNING: If a serviceability tool is not in use, please run with -Djdk.instrument.traceUsage for more information
WARNING: Dynamic loading of agents will be disallowed by default in a future release
MEASURE semantics 12 cases
MEASURE oracle {combo=s200-p10-a2k, expectedBelowLine=20, expectedAbsent=10, expectedSize=30, actualSize=30, actualReasonCounts={ABSENT=10, BELOW_LINE=20}, oracleMatch=true, namesPresent=true}
MEASURE oracle {combo=s1000-p10-a2k, expectedBelowLine=100, expectedAbsent=50, expectedSize=150, actualSize=150, actualReasonCounts={ABSENT=50, BELOW_LINE=100}, oracleMatch=true, namesPresent=true}
MEASURE oracle {combo=s1000-p50-a2k, expectedBelowLine=500, expectedAbsent=50, expectedSize=550, actualSize=550, actualReasonCounts={ABSENT=50, BELOW_LINE=500}, oracleMatch=true, namesPresent=true}
MEASURE oracle {combo=s1000-p90-a2k, expectedBelowLine=900, expectedAbsent=50, expectedSize=950, actualSize=950, actualReasonCounts={ABSENT=50, BELOW_LINE=900}, oracleMatch=true, namesPresent=true}
MEASURE oracle {combo=s1000-p10-a20k, expectedBelowLine=100, expectedAbsent=50, expectedSize=150, actualSize=150, actualReasonCounts={ABSENT=50, BELOW_LINE=100}, oracleMatch=true, namesPresent=true}
MEASURE oracle {combo=s3000-p10-a2k, expectedBelowLine=300, expectedAbsent=150, expectedSize=450, actualSize=450, actualReasonCounts={ABSENT=150, BELOW_LINE=300}, oracleMatch=true, namesPresent=true}
MEASURE s200-p10-a2k r1 order=[OLD, PUSHDOWN, PROJECTION] prodFirst=1.447 prodLast=1.547 OLD=1.478 PUSHDOWN=1.096 PROJECTION=1.065 ratios(prodFirst) OLD=0.979 PUSH=1.32 PROJ=1.359 prodLastVsFirst=0.935
MEASURE s200-p10-a2k r2 order=[PROJECTION, PUSHDOWN, OLD] prodFirst=1.119 prodLast=1.477 OLD=0.971 PUSHDOWN=0.586 PROJECTION=0.659 ratios(prodFirst) OLD=1.152 PUSH=1.91 PROJ=1.698 prodLastVsFirst=0.758
2026-09-27 23:31:35.120 [org.springframework.amqp.rabbit.RabbitListenerEndpointContainer#0-1] [] [] WARN  o.s.a.r.l.SimpleMessageListenerContainer - Consumer raised exception, processing can restart if the connection factory supports it. Exception summary: org.springframework.amqp.AmqpConnectException: java.net.ConnectException: Connection refused: getsockopt
2026-09-27 23:31:35.130 [org.springframework.amqp.rabbit.RabbitListenerEndpointContainer#0-1] [] [] INFO  o.s.a.r.l.SimpleMessageListenerContainer - Restarting Consumer@55d4729f: tags=[[]], channel=null, acknowledgeMode=MANUAL local queue size=0
2026-09-27 23:31:35.130 [org.springframework.amqp.rabbit.RabbitListenerEndpointContainer#0-2] [] [] INFO  o.s.a.r.c.CachingConnectionFactory - Attempting to connect to: [127.0.0.1:5672]
2026-09-27 23:31:35.130 [org.springframework.amqp.rabbit.RabbitListenerEndpointContainer#0-2] [] [] ERROR o.s.a.r.l.SimpleMessageListenerContainer - Failed to check/redeclare auto-delete queue(s).
2026-09-27 23:31:35.130 [org.springframework.amqp.rabbit.RabbitListenerEndpointContainer#0-2] [] [] INFO  o.s.a.r.c.CachingConnectionFactory - Attempting to connect to: [127.0.0.1:5672]
MEASURE s200-p10-a2k r3 order=[PUSHDOWN, OLD, PROJECTION] prodFirst=1.26 prodLast=2.175 OLD=0.956 PUSHDOWN=0.493 PROJECTION=1.105 ratios(prodFirst) OLD=1.318 PUSH=2.556 PROJ=1.14 prodLastVsFirst=0.579
MEASURE s200-p10-a2k r4 order=[PROJECTION, OLD, PUSHDOWN] prodFirst=1.638 prodLast=1.034 OLD=1.124 PUSHDOWN=0.408 PROJECTION=0.694 ratios(prodFirst) OLD=1.457 PUSH=4.015 PROJ=2.36 prodLastVsFirst=1.584
MEASURE s1000-p10-a2k r1 order=[OLD, PUSHDOWN, PROJECTION] prodFirst=3.689 prodLast=5.154 OLD=3.477 PUSHDOWN=1.261 PROJECTION=1.973 ratios(prodFirst) OLD=1.061 PUSH=2.925 PROJ=1.87 prodLastVsFirst=0.716
MEASURE s1000-p10-a2k r2 order=[PROJECTION, PUSHDOWN, OLD] prodFirst=3.445 prodLast=3.02 OLD=4.015 PUSHDOWN=1.12 PROJECTION=1.988 ratios(prodFirst) OLD=0.858 PUSH=3.076 PROJ=1.733 prodLastVsFirst=1.141
MEASURE s1000-p10-a2k r3 order=[PUSHDOWN, OLD, PROJECTION] prodFirst=2.667 prodLast=1.792 OLD=1.914 PUSHDOWN=0.837 PROJECTION=0.997 ratios(prodFirst) OLD=1.393 PUSH=3.186 PROJ=2.675 prodLastVsFirst=1.488
MEASURE s1000-p10-a2k r4 order=[PROJECTION, OLD, PUSHDOWN] prodFirst=2.622 prodLast=2.779 OLD=2.566 PUSHDOWN=0.994 PROJECTION=1.383 ratios(prodFirst) OLD=1.022 PUSH=2.638 PROJ=1.896 prodLastVsFirst=0.944
MEASURE s1000-p50-a2k r1 order=[OLD, PUSHDOWN, PROJECTION] prodFirst=4.471 prodLast=6.557 OLD=5.662 PUSHDOWN=2.321 PROJECTION=3.378 ratios(prodFirst) OLD=0.79 PUSH=1.926 PROJ=1.324 prodLastVsFirst=0.682
MEASURE s1000-p50-a2k r2 order=[PROJECTION, PUSHDOWN, OLD] prodFirst=3.944 prodLast=3.41 OLD=3.612 PUSHDOWN=2.888 PROJECTION=2.467 ratios(prodFirst) OLD=1.092 PUSH=1.366 PROJ=1.599 prodLastVsFirst=1.157
2026-09-27 23:31:40.298 [org.springframework.amqp.rabbit.RabbitListenerEndpointContainer#0-2] [] [] WARN  o.s.a.r.l.SimpleMessageListenerContainer - Consumer raised exception, processing can restart if the connection factory supports it. Exception summary: org.springframework.amqp.AmqpConnectException: java.net.ConnectException: Connection refused: getsockopt
2026-09-27 23:31:40.298 [org.springframework.amqp.rabbit.RabbitListenerEndpointContainer#0-2] [] [] INFO  o.s.a.r.l.SimpleMessageListenerContainer - Restarting Consumer@55d7778f: tags=[[]], channel=null, acknowledgeMode=MANUAL local queue size=0
2026-09-27 23:31:40.301 [org.springframework.amqp.rabbit.RabbitListenerEndpointContainer#0-3] [] [] INFO  o.s.a.r.c.CachingConnectionFactory - Attempting to connect to: [127.0.0.1:5672]
2026-09-27 23:31:40.302 [org.springframework.amqp.rabbit.RabbitListenerEndpointContainer#0-3] [] [] ERROR o.s.a.r.l.SimpleMessageListenerContainer - Failed to check/redeclare auto-delete queue(s).
2026-09-27 23:31:40.302 [org.springframework.amqp.rabbit.RabbitListenerEndpointContainer#0-3] [] [] INFO  o.s.a.r.c.CachingConnectionFactory - Attempting to connect to: [127.0.0.1:5672]
MEASURE s1000-p50-a2k r3 order=[PUSHDOWN, OLD, PROJECTION] prodFirst=4.337 prodLast=6.294 OLD=3.275 PUSHDOWN=2.066 PROJECTION=2.559 ratios(prodFirst) OLD=1.324 PUSH=2.099 PROJ=1.695 prodLastVsFirst=0.689
MEASURE s1000-p50-a2k r4 order=[PROJECTION, OLD, PUSHDOWN] prodFirst=5.007 prodLast=2.886 OLD=2.318 PUSHDOWN=2.254 PROJECTION=3.267 ratios(prodFirst) OLD=2.16 PUSH=2.221 PROJ=1.533 prodLastVsFirst=1.735
MEASURE s1000-p90-a2k r1 order=[OLD, PUSHDOWN, PROJECTION] prodFirst=4.303 prodLast=7.696 OLD=2.817 PUSHDOWN=2.942 PROJECTION=3.359 ratios(prodFirst) OLD=1.528 PUSH=1.463 PROJ=1.281 prodLastVsFirst=0.559
MEASURE s1000-p90-a2k r2 order=[PROJECTION, PUSHDOWN, OLD] prodFirst=5.445 prodLast=5.288 OLD=8.1 PUSHDOWN=6.2 PROJECTION=3.982 ratios(prodFirst) OLD=0.672 PUSH=0.878 PROJ=1.367 prodLastVsFirst=1.03
2026-09-27 23:31:45.326 [org.springframework.amqp.rabbit.RabbitListenerEndpointContainer#0-3] [] [] WARN  o.s.a.r.l.SimpleMessageListenerContainer - Consumer raised exception, processing can restart if the connection factory supports it. Exception summary: org.springframework.amqp.AmqpConnectException: java.net.ConnectException: Connection refused: getsockopt
2026-09-27 23:31:45.327 [org.springframework.amqp.rabbit.RabbitListenerEndpointContainer#0-3] [] [] INFO  o.s.a.r.l.SimpleMessageListenerContainer - Restarting Consumer@3a044a99: tags=[[]], channel=null, acknowledgeMode=MANUAL local queue size=0
2026-09-27 23:31:45.327 [org.springframework.amqp.rabbit.RabbitListenerEndpointContainer#0-4] [] [] INFO  o.s.a.r.c.CachingConnectionFactory - Attempting to connect to: [127.0.0.1:5672]
2026-09-27 23:31:45.343 [org.springframework.amqp.rabbit.RabbitListenerEndpointContainer#0-4] [] [] ERROR o.s.a.r.l.SimpleMessageListenerContainer - Failed to check/redeclare auto-delete queue(s).
2026-09-27 23:31:45.344 [org.springframework.amqp.rabbit.RabbitListenerEndpointContainer#0-4] [] [] INFO  o.s.a.r.c.CachingConnectionFactory - Attempting to connect to: [127.0.0.1:5672]
MEASURE s1000-p90-a2k r3 order=[PUSHDOWN, OLD, PROJECTION] prodFirst=6.296 prodLast=5.533 OLD=5.388 PUSHDOWN=4.986 PROJECTION=3.568 ratios(prodFirst) OLD=1.169 PUSH=1.263 PROJ=1.765 prodLastVsFirst=1.138
MEASURE s1000-p90-a2k r4 order=[PROJECTION, OLD, PUSHDOWN] prodFirst=4.169 prodLast=8.758 OLD=4.018 PUSHDOWN=5.609 PROJECTION=3.771 ratios(prodFirst) OLD=1.038 PUSH=0.743 PROJ=1.106 prodLastVsFirst=0.476
MEASURE s1000-p10-a20k r1 order=[OLD, PUSHDOWN, PROJECTION] prodFirst=3.118 prodLast=2.434 OLD=2.356 PUSHDOWN=0.75 PROJECTION=1.203 ratios(prodFirst) OLD=1.323 PUSH=4.157 PROJ=2.592 prodLastVsFirst=1.281
MEASURE s1000-p10-a20k r2 order=[PROJECTION, PUSHDOWN, OLD] prodFirst=3.12 prodLast=2.292 OLD=2.011 PUSHDOWN=0.826 PROJECTION=1.131 ratios(prodFirst) OLD=1.551 PUSH=3.777 PROJ=2.759 prodLastVsFirst=1.361
MEASURE s1000-p10-a20k r3 order=[PUSHDOWN, OLD, PROJECTION] prodFirst=2.125 prodLast=1.84 OLD=1.48 PUSHDOWN=0.52 PROJECTION=1.42 ratios(prodFirst) OLD=1.436 PUSH=4.087 PROJ=1.496 prodLastVsFirst=1.155
MEASURE s1000-p10-a20k r4 order=[PROJECTION, OLD, PUSHDOWN] prodFirst=5.118 prodLast=1.455 OLD=2.253 PUSHDOWN=0.454 PROJECTION=2.025 ratios(prodFirst) OLD=2.272 PUSH=11.273 PROJ=2.527 prodLastVsFirst=3.518
2026-09-27 23:31:50.537 [org.springframework.amqp.rabbit.RabbitListenerEndpointContainer#0-4] [] [] WARN  o.s.a.r.l.SimpleMessageListenerContainer - Consumer raised exception, processing can restart if the connection factory supports it. Exception summary: org.springframework.amqp.AmqpConnectException: java.net.ConnectException: Connection refused: getsockopt
2026-09-27 23:31:50.537 [org.springframework.amqp.rabbit.RabbitListenerEndpointContainer#0-4] [] [] INFO  o.s.a.r.l.SimpleMessageListenerContainer - Restarting Consumer@1b5d7dc6: tags=[[]], channel=null, acknowledgeMode=MANUAL local queue size=0
2026-09-27 23:31:50.539 [org.springframework.amqp.rabbit.RabbitListenerEndpointContainer#0-5] [] [] INFO  o.s.a.r.c.CachingConnectionFactory - Attempting to connect to: [127.0.0.1:5672]
2026-09-27 23:31:50.540 [org.springframework.amqp.rabbit.RabbitListenerEndpointContainer#0-5] [] [] ERROR o.s.a.r.l.SimpleMessageListenerContainer - Failed to check/redeclare auto-delete queue(s).
2026-09-27 23:31:50.540 [org.springframework.amqp.rabbit.RabbitListenerEndpointContainer#0-5] [] [] INFO  o.s.a.r.c.CachingConnectionFactory - Attempting to connect to: [127.0.0.1:5672]
MEASURE s3000-p10-a2k r1 order=[OLD, PUSHDOWN, PROJECTION] prodFirst=6.048 prodLast=5.564 OLD=4.788 PUSHDOWN=1.411 PROJECTION=3.659 ratios(prodFirst) OLD=1.263 PUSH=4.286 PROJ=1.653 prodLastVsFirst=1.087
MEASURE s3000-p10-a2k r2 order=[PROJECTION, PUSHDOWN, OLD] prodFirst=6.665 prodLast=5.991 OLD=8.671 PUSHDOWN=2.662 PROJECTION=4.129 ratios(prodFirst) OLD=0.769 PUSH=2.504 PROJ=1.614 prodLastVsFirst=1.113
MEASURE s3000-p10-a2k r3 order=[PUSHDOWN, OLD, PROJECTION] prodFirst=6.081 prodLast=4.492 OLD=5.882 PUSHDOWN=1.926 PROJECTION=2.124 ratios(prodFirst) OLD=1.034 PUSH=3.157 PROJ=2.863 prodLastVsFirst=1.354
2026-09-27 23:31:55.715 [org.springframework.amqp.rabbit.RabbitListenerEndpointContainer#0-5] [] [] WARN  o.s.a.r.l.SimpleMessageListenerContainer - Consumer raised exception, processing can restart if the connection factory supports it. Exception summary: org.springframework.amqp.AmqpConnectException: java.net.ConnectException: Connection refused: getsockopt
2026-09-27 23:31:55.715 [org.springframework.amqp.rabbit.RabbitListenerEndpointContainer#0-5] [] [] INFO  o.s.a.r.l.SimpleMessageListenerContainer - Restarting Consumer@9d97ff2: tags=[[]], channel=null, acknowledgeMode=MANUAL local queue size=0
2026-09-27 23:31:55.715 [org.springframework.amqp.rabbit.RabbitListenerEndpointContainer#0-6] [] [] INFO  o.s.a.r.c.CachingConnectionFactory - Attempting to connect to: [127.0.0.1:5672]
2026-09-27 23:31:55.718 [org.springframework.amqp.rabbit.RabbitListenerEndpointContainer#0-6] [] [] ERROR o.s.a.r.l.SimpleMessageListenerContainer - Failed to check/redeclare auto-delete queue(s).
2026-09-27 23:31:55.718 [org.springframework.amqp.rabbit.RabbitListenerEndpointContainer#0-6] [] [] INFO  o.s.a.r.c.CachingConnectionFactory - Attempting to connect to: [127.0.0.1:5672]
MEASURE s3000-p10-a2k r4 order=[PROJECTION, OLD, PUSHDOWN] prodFirst=6.413 prodLast=5.666 OLD=6.558 PUSHDOWN=1.4 PROJECTION=3.506 ratios(prodFirst) OLD=0.978 PUSH=4.581 PROJ=1.829 prodLastVsFirst=1.132
MEASURE wrote D:\code\examOnline\spec\changes\update-makeup-eligible-score-filter-attribution\evidence\makeup-eligible-attribution-run3.json
[INFO] Tests run: 1, Failures: 0, Errors: 0, Skipped: 0, Time elapsed: 40.76 s -- in com.exam.exam.measure.MakeupEligibleAttributionMeasureIT
[INFO] 
[INFO] Results:
[INFO] 
[INFO] Tests run: 1, Failures: 0, Errors: 0, Skipped: 0
[INFO] 
[INFO] 
[INFO] --- jacoco:0.8.12:report (jacoco-report) @ exam-online ---
[INFO] Loading execution data file D:\code\examOnline\target\jacoco.exec
[INFO] Analyzed bundle 'exam-online' with 133 classes
[INFO] ------------------------------------------------------------------------
[INFO] BUILD SUCCESS
[INFO] ------------------------------------------------------------------------
[INFO] Total time:  47.422 s
[INFO] Finished at: 2026-09-27T23:31:58+08:00
[INFO] ------------------------------------------------------------------------
