atIso=2026-09-29T13:09:07.652Z
docker rm -f monitor-projection-mysql: exit=0 stdout=monitor-projection-mysql
 stderr=
docker rm -f monitor-projection-redis: exit=0 stdout=monitor-projection-redis
 stderr=
--- 零匹配证据 docker ps -a --filter name=monitor-projection-mysql:
stdout=[]
stderr=[]
--- 零匹配证据 docker ps -a --filter name=monitor-projection-redis:
stdout=[]
stderr=[]
--- docker ps -a 全部容器名（供对照，含本机其他项目容器）：
sport-verify-rocketmq-broker
sport-verify-mysql
task131-scratch-mysql
sport-verify-redis
sport-verify-postgis
sport-verify-nacos
sport-verify-rocketmq-namesrv
exam-mysql-slave
exam-mysql-master
sport-verify-grafana
sport-verify-prometheus
exam-prometheus
exam-grafana
exam-rabbitmq
exam-redis
myrag-postgres
myrag-qdrant
myrag-redis
myrag-minio

