=== setup 2026-10-01T04:00:52.567Z ===
create-db exit=0 SCHEMA_EXIT=0
SELECT VERSION()=8.0.46
tableCount=26
*************************** 1. row ***************************
       Table: exam_submissions
Create Table: CREATE TABLE `exam_submissions` (
  `id` bigint NOT NULL AUTO_INCREMENT,
  `exam_id` bigint NOT NULL,
  `student_id` bigint NOT NULL,
  `start_time` datetime NOT NULL,
  `deadline_time` datetime NOT NULL,
  `submit_time` datetime DEFAULT NULL,
  `submit_type` tinyint DEFAULT NULL,
  `paper_json` longtext,
  `answers` longtext,
  `status` tinyint NOT NULL DEFAULT '1',
  `version` int NOT NULL DEFAULT '0',
  `objective_score` decimal(5,1) DEFAULT NULL,
  `subjective_score` decimal(5,1) DEFAULT NULL,
  `total_score` decimal(5,1) DEFAULT NULL,
  `grading_status` tinyint NOT NULL DEFAULT '0',
  `grading_error` varchar(512) DEFAULT NULL,
  `partial_graded` tinyint NOT NULL DEFAULT '0',
  `answers_missing` tinyint GENERATED ALWAYS AS ((case when (`answers` is null) then 1 else 0 end)) VIRTUAL,
  `created_time` datetime NOT NULL DEFAULT CURRENT_TIMESTAMP,
  `updated_time` datetime NOT NULL DEFAULT CURRENT_TIMESTAMP,
  PRIMARY KEY (`id`),
  UNIQUE KEY `uk_exam_student` (`exam_id`,`student_id`),
  KEY `idx_submissions_sweep` (`status`,`deadline_time`),
  KEY `idx_submissions_exam_submit` (`exam_id`,`submit_time`),
  KEY `idx_submissions_grading` (`exam_id`,`grading_status`),
  KEY `idx_submissions_student` (`student_id`),
  KEY `idx_submissions_republish` (`status`,`answers_missing`)
) ENGINE=InnoDB DEFAULT CHARSET=utf8mb4 COLLATE=utf8mb4_0900_ai_ci
*************************** 1. row ***************************
       Table: subjective_grades
Create Table: CREATE TABLE `subjective_grades` (
  `id` bigint NOT NULL AUTO_INCREMENT,
  `submission_id` bigint NOT NULL,
  `exam_id` bigint NOT NULL,
  `student_id` bigint NOT NULL,
  `question_id` bigint NOT NULL,
  `question_number` int NOT NULL,
  `student_answer` text,
  `suggested_score` decimal(5,1) DEFAULT NULL,
  `suggested_detail` varchar(512) DEFAULT NULL,
  `score` decimal(5,1) DEFAULT NULL,
  `comment` varchar(1024) DEFAULT NULL,
  `grader_id` bigint DEFAULT NULL,
  `graded_time` datetime DEFAULT NULL,
  `version` int NOT NULL DEFAULT '0',
  `created_time` datetime NOT NULL DEFAULT CURRENT_TIMESTAMP,
  `updated_time` datetime NOT NULL DEFAULT CURRENT_TIMESTAMP,
  PRIMARY KEY (`id`),
  UNIQUE KEY `uk_subjective_grades` (`submission_id`,`question_id`),
  KEY `idx_subjective_exam_question` (`exam_id`,`question_id`)
) ENGINE=InnoDB DEFAULT CHARSET=utf8mb4 COLLATE=utf8mb4_0900_ai_ci
Table	Non_unique	Key_name	Seq_in_index	Column_name	Collation	Cardinality	Sub_part	Packed	Null	Index_type	Comment	Index_comment	Visible	Expression
exam_submissions	0	PRIMARY	1	id	A	0	NULL	NULL		BTREE			YES	NULL
exam_submissions	0	uk_exam_student	1	exam_id	A	0	NULL	NULL		BTREE			YES	NULL
exam_submissions	0	uk_exam_student	2	student_id	A	0	NULL	NULL		BTREE			YES	NULL
exam_submissions	1	idx_submissions_sweep	1	status	A	0	NULL	NULL		BTREE			YES	NULL
exam_submissions	1	idx_submissions_sweep	2	deadline_time	A	0	NULL	NULL		BTREE			YES	NULL
exam_submissions	1	idx_submissions_exam_submit	1	exam_id	A	0	NULL	NULL		BTREE			YES	NULL
exam_submissions	1	idx_submissions_exam_submit	2	submit_time	A	0	NULL	NULL	YES	BTREE			YES	NULL
exam_submissions	1	idx_submissions_grading	1	exam_id	A	0	NULL	NULL		BTREE			YES	NULL
exam_submissions	1	idx_submissions_grading	2	grading_status	A	0	NULL	NULL		BTREE			YES	NULL
exam_submissions	1	idx_submissions_student	1	student_id	A	0	NULL	NULL		BTREE			YES	NULL
exam_submissions	1	idx_submissions_republish	1	status	A	0	NULL	NULL		BTREE			YES	NULL
exam_submissions	1	idx_submissions_republish	2	answers_missing	A	0	NULL	NULL	YES	BTREE			YES	NULL
Table	Non_unique	Key_name	Seq_in_index	Column_name	Collation	Cardinality	Sub_part	Packed	Null	Index_type	Comment	Index_comment	Visible	Expression
subjective_grades	0	PRIMARY	1	id	A	0	NULL	NULL		BTREE			YES	NULL
subjective_grades	0	uk_subjective_grades	1	submission_id	A	0	NULL	NULL		BTREE			YES	NULL
subjective_grades	0	uk_subjective_grades	2	question_id	A	0	NULL	NULL		BTREE			YES	NULL
subjective_grades	1	idx_subjective_exam_question	1	exam_id	A	0	NULL	NULL		BTREE			YES	NULL
subjective_grades	1	idx_subjective_exam_question	2	question_id	A	0	NULL	NULL		BTREE			YES	NULL

=== setup 2026-10-01T04:49:11.479Z ===
create-db exit=1 ERROR 1045 (28000): Access denied for user 'root'@'localhost' (using password: YES)
=== setup 2026-10-01T04:49:47.270Z ===
create-db exit=0 SCHEMA_EXIT=0
SELECT VERSION()=8.0.46
tableCount=26
*************************** 1. row ***************************
       Table: exam_submissions
Create Table: CREATE TABLE `exam_submissions` (
  `id` bigint NOT NULL AUTO_INCREMENT,
  `exam_id` bigint NOT NULL,
  `student_id` bigint NOT NULL,
  `start_time` datetime NOT NULL,
  `deadline_time` datetime NOT NULL,
  `submit_time` datetime DEFAULT NULL,
  `submit_type` tinyint DEFAULT NULL,
  `paper_json` longtext,
  `answers` longtext,
  `status` tinyint NOT NULL DEFAULT '1',
  `version` int NOT NULL DEFAULT '0',
  `objective_score` decimal(5,1) DEFAULT NULL,
  `subjective_score` decimal(5,1) DEFAULT NULL,
  `total_score` decimal(5,1) DEFAULT NULL,
  `grading_status` tinyint NOT NULL DEFAULT '0',
  `grading_error` varchar(512) DEFAULT NULL,
  `partial_graded` tinyint NOT NULL DEFAULT '0',
  `answers_missing` tinyint GENERATED ALWAYS AS ((case when (`answers` is null) then 1 else 0 end)) VIRTUAL,
  `created_time` datetime NOT NULL DEFAULT CURRENT_TIMESTAMP,
  `updated_time` datetime NOT NULL DEFAULT CURRENT_TIMESTAMP,
  PRIMARY KEY (`id`),
  UNIQUE KEY `uk_exam_student` (`exam_id`,`student_id`),
  KEY `idx_submissions_sweep` (`status`,`deadline_time`),
  KEY `idx_submissions_exam_submit` (`exam_id`,`submit_time`),
  KEY `idx_submissions_grading` (`exam_id`,`grading_status`),
  KEY `idx_submissions_student` (`student_id`),
  KEY `idx_submissions_republish` (`status`,`answers_missing`)
) ENGINE=InnoDB DEFAULT CHARSET=utf8mb4 COLLATE=utf8mb4_0900_ai_ci
*************************** 1. row ***************************
       Table: subjective_grades
Create Table: CREATE TABLE `subjective_grades` (
  `id` bigint NOT NULL AUTO_INCREMENT,
  `submission_id` bigint NOT NULL,
  `exam_id` bigint NOT NULL,
  `student_id` bigint NOT NULL,
  `question_id` bigint NOT NULL,
  `question_number` int NOT NULL,
  `student_answer` text,
  `suggested_score` decimal(5,1) DEFAULT NULL,
  `suggested_detail` varchar(512) DEFAULT NULL,
  `score` decimal(5,1) DEFAULT NULL,
  `comment` varchar(1024) DEFAULT NULL,
  `grader_id` bigint DEFAULT NULL,
  `graded_time` datetime DEFAULT NULL,
  `version` int NOT NULL DEFAULT '0',
  `created_time` datetime NOT NULL DEFAULT CURRENT_TIMESTAMP,
  `updated_time` datetime NOT NULL DEFAULT CURRENT_TIMESTAMP,
  PRIMARY KEY (`id`),
  UNIQUE KEY `uk_subjective_grades` (`submission_id`,`question_id`),
  KEY `idx_subjective_exam_question` (`exam_id`,`question_id`)
) ENGINE=InnoDB DEFAULT CHARSET=utf8mb4 COLLATE=utf8mb4_0900_ai_ci
Table	Non_unique	Key_name	Seq_in_index	Column_name	Collation	Cardinality	Sub_part	Packed	Null	Index_type	Comment	Index_comment	Visible	Expression
exam_submissions	0	PRIMARY	1	id	A	0	NULL	NULL		BTREE			YES	NULL
exam_submissions	0	uk_exam_student	1	exam_id	A	0	NULL	NULL		BTREE			YES	NULL
exam_submissions	0	uk_exam_student	2	student_id	A	0	NULL	NULL		BTREE			YES	NULL
exam_submissions	1	idx_submissions_sweep	1	status	A	0	NULL	NULL		BTREE			YES	NULL
exam_submissions	1	idx_submissions_sweep	2	deadline_time	A	0	NULL	NULL		BTREE			YES	NULL
exam_submissions	1	idx_submissions_exam_submit	1	exam_id	A	0	NULL	NULL		BTREE			YES	NULL
exam_submissions	1	idx_submissions_exam_submit	2	submit_time	A	0	NULL	NULL	YES	BTREE			YES	NULL
exam_submissions	1	idx_submissions_grading	1	exam_id	A	0	NULL	NULL		BTREE			YES	NULL
exam_submissions	1	idx_submissions_grading	2	grading_status	A	0	NULL	NULL		BTREE			YES	NULL
exam_submissions	1	idx_submissions_student	1	student_id	A	0	NULL	NULL		BTREE			YES	NULL
exam_submissions	1	idx_submissions_republish	1	status	A	0	NULL	NULL		BTREE			YES	NULL
exam_submissions	1	idx_submissions_republish	2	answers_missing	A	0	NULL	NULL	YES	BTREE			YES	NULL
Table	Non_unique	Key_name	Seq_in_index	Column_name	Collation	Cardinality	Sub_part	Packed	Null	Index_type	Comment	Index_comment	Visible	Expression
subjective_grades	0	PRIMARY	1	id	A	0	NULL	NULL		BTREE			YES	NULL
subjective_grades	0	uk_subjective_grades	1	submission_id	A	0	NULL	NULL		BTREE			YES	NULL
subjective_grades	0	uk_subjective_grades	2	question_id	A	0	NULL	NULL		BTREE			YES	NULL
subjective_grades	1	idx_subjective_exam_question	1	exam_id	A	0	NULL	NULL		BTREE			YES	NULL
subjective_grades	1	idx_subjective_exam_question	2	question_id	A	0	NULL	NULL		BTREE			YES	NULL

=== setup 2026-10-01T05:21:50.351Z ===
create-db exit=0 SCHEMA_EXIT=0
SELECT VERSION()=8.0.46
tableCount=26
*************************** 1. row ***************************
       Table: exam_submissions
Create Table: CREATE TABLE `exam_submissions` (
  `id` bigint NOT NULL AUTO_INCREMENT,
  `exam_id` bigint NOT NULL,
  `student_id` bigint NOT NULL,
  `start_time` datetime NOT NULL,
  `deadline_time` datetime NOT NULL,
  `submit_time` datetime DEFAULT NULL,
  `submit_type` tinyint DEFAULT NULL,
  `paper_json` longtext,
  `answers` longtext,
  `status` tinyint NOT NULL DEFAULT '1',
  `version` int NOT NULL DEFAULT '0',
  `objective_score` decimal(5,1) DEFAULT NULL,
  `subjective_score` decimal(5,1) DEFAULT NULL,
  `total_score` decimal(5,1) DEFAULT NULL,
  `grading_status` tinyint NOT NULL DEFAULT '0',
  `grading_error` varchar(512) DEFAULT NULL,
  `partial_graded` tinyint NOT NULL DEFAULT '0',
  `answers_missing` tinyint GENERATED ALWAYS AS ((case when (`answers` is null) then 1 else 0 end)) VIRTUAL,
  `created_time` datetime NOT NULL DEFAULT CURRENT_TIMESTAMP,
  `updated_time` datetime NOT NULL DEFAULT CURRENT_TIMESTAMP,
  PRIMARY KEY (`id`),
  UNIQUE KEY `uk_exam_student` (`exam_id`,`student_id`),
  KEY `idx_submissions_sweep` (`status`,`deadline_time`),
  KEY `idx_submissions_exam_submit` (`exam_id`,`submit_time`),
  KEY `idx_submissions_grading` (`exam_id`,`grading_status`),
  KEY `idx_submissions_student` (`student_id`),
  KEY `idx_submissions_republish` (`status`,`answers_missing`)
) ENGINE=InnoDB DEFAULT CHARSET=utf8mb4 COLLATE=utf8mb4_0900_ai_ci
*************************** 1. row ***************************
       Table: subjective_grades
Create Table: CREATE TABLE `subjective_grades` (
  `id` bigint NOT NULL AUTO_INCREMENT,
  `submission_id` bigint NOT NULL,
  `exam_id` bigint NOT NULL,
  `student_id` bigint NOT NULL,
  `question_id` bigint NOT NULL,
  `question_number` int NOT NULL,
  `student_answer` text,
  `suggested_score` decimal(5,1) DEFAULT NULL,
  `suggested_detail` varchar(512) DEFAULT NULL,
  `score` decimal(5,1) DEFAULT NULL,
  `comment` varchar(1024) DEFAULT NULL,
  `grader_id` bigint DEFAULT NULL,
  `graded_time` datetime DEFAULT NULL,
  `version` int NOT NULL DEFAULT '0',
  `created_time` datetime NOT NULL DEFAULT CURRENT_TIMESTAMP,
  `updated_time` datetime NOT NULL DEFAULT CURRENT_TIMESTAMP,
  PRIMARY KEY (`id`),
  UNIQUE KEY `uk_subjective_grades` (`submission_id`,`question_id`),
  KEY `idx_subjective_exam_question` (`exam_id`,`question_id`)
) ENGINE=InnoDB DEFAULT CHARSET=utf8mb4 COLLATE=utf8mb4_0900_ai_ci
Table	Non_unique	Key_name	Seq_in_index	Column_name	Collation	Cardinality	Sub_part	Packed	Null	Index_type	Comment	Index_comment	Visible	Expression
exam_submissions	0	PRIMARY	1	id	A	0	NULL	NULL		BTREE			YES	NULL
exam_submissions	0	uk_exam_student	1	exam_id	A	0	NULL	NULL		BTREE			YES	NULL
exam_submissions	0	uk_exam_student	2	student_id	A	0	NULL	NULL		BTREE			YES	NULL
exam_submissions	1	idx_submissions_sweep	1	status	A	0	NULL	NULL		BTREE			YES	NULL
exam_submissions	1	idx_submissions_sweep	2	deadline_time	A	0	NULL	NULL		BTREE			YES	NULL
exam_submissions	1	idx_submissions_exam_submit	1	exam_id	A	0	NULL	NULL		BTREE			YES	NULL
exam_submissions	1	idx_submissions_exam_submit	2	submit_time	A	0	NULL	NULL	YES	BTREE			YES	NULL
exam_submissions	1	idx_submissions_grading	1	exam_id	A	0	NULL	NULL		BTREE			YES	NULL
exam_submissions	1	idx_submissions_grading	2	grading_status	A	0	NULL	NULL		BTREE			YES	NULL
exam_submissions	1	idx_submissions_student	1	student_id	A	0	NULL	NULL		BTREE			YES	NULL
exam_submissions	1	idx_submissions_republish	1	status	A	0	NULL	NULL		BTREE			YES	NULL
exam_submissions	1	idx_submissions_republish	2	answers_missing	A	0	NULL	NULL	YES	BTREE			YES	NULL
Table	Non_unique	Key_name	Seq_in_index	Column_name	Collation	Cardinality	Sub_part	Packed	Null	Index_type	Comment	Index_comment	Visible	Expression
subjective_grades	0	PRIMARY	1	id	A	0	NULL	NULL		BTREE			YES	NULL
subjective_grades	0	uk_subjective_grades	1	submission_id	A	0	NULL	NULL		BTREE			YES	NULL
subjective_grades	0	uk_subjective_grades	2	question_id	A	0	NULL	NULL		BTREE			YES	NULL
subjective_grades	1	idx_subjective_exam_question	1	exam_id	A	0	NULL	NULL		BTREE			YES	NULL
subjective_grades	1	idx_subjective_exam_question	2	question_id	A	0	NULL	NULL		BTREE			YES	NULL

=== setup 2026-10-01T05:26:21.505Z ===
create-db exit=0 SCHEMA_EXIT=0
SELECT VERSION()=8.0.46
tableCount=26
*************************** 1. row ***************************
       Table: exam_submissions
Create Table: CREATE TABLE `exam_submissions` (
  `id` bigint NOT NULL AUTO_INCREMENT,
  `exam_id` bigint NOT NULL,
  `student_id` bigint NOT NULL,
  `start_time` datetime NOT NULL,
  `deadline_time` datetime NOT NULL,
  `submit_time` datetime DEFAULT NULL,
  `submit_type` tinyint DEFAULT NULL,
  `paper_json` longtext,
  `answers` longtext,
  `status` tinyint NOT NULL DEFAULT '1',
  `version` int NOT NULL DEFAULT '0',
  `objective_score` decimal(5,1) DEFAULT NULL,
  `subjective_score` decimal(5,1) DEFAULT NULL,
  `total_score` decimal(5,1) DEFAULT NULL,
  `grading_status` tinyint NOT NULL DEFAULT '0',
  `grading_error` varchar(512) DEFAULT NULL,
  `partial_graded` tinyint NOT NULL DEFAULT '0',
  `answers_missing` tinyint GENERATED ALWAYS AS ((case when (`answers` is null) then 1 else 0 end)) VIRTUAL,
  `created_time` datetime NOT NULL DEFAULT CURRENT_TIMESTAMP,
  `updated_time` datetime NOT NULL DEFAULT CURRENT_TIMESTAMP,
  PRIMARY KEY (`id`),
  UNIQUE KEY `uk_exam_student` (`exam_id`,`student_id`),
  KEY `idx_submissions_sweep` (`status`,`deadline_time`),
  KEY `idx_submissions_exam_submit` (`exam_id`,`submit_time`),
  KEY `idx_submissions_grading` (`exam_id`,`grading_status`),
  KEY `idx_submissions_student` (`student_id`),
  KEY `idx_submissions_republish` (`status`,`answers_missing`)
) ENGINE=InnoDB DEFAULT CHARSET=utf8mb4 COLLATE=utf8mb4_0900_ai_ci
*************************** 1. row ***************************
       Table: subjective_grades
Create Table: CREATE TABLE `subjective_grades` (
  `id` bigint NOT NULL AUTO_INCREMENT,
  `submission_id` bigint NOT NULL,
  `exam_id` bigint NOT NULL,
  `student_id` bigint NOT NULL,
  `question_id` bigint NOT NULL,
  `question_number` int NOT NULL,
  `student_answer` text,
  `suggested_score` decimal(5,1) DEFAULT NULL,
  `suggested_detail` varchar(512) DEFAULT NULL,
  `score` decimal(5,1) DEFAULT NULL,
  `comment` varchar(1024) DEFAULT NULL,
  `grader_id` bigint DEFAULT NULL,
  `graded_time` datetime DEFAULT NULL,
  `version` int NOT NULL DEFAULT '0',
  `created_time` datetime NOT NULL DEFAULT CURRENT_TIMESTAMP,
  `updated_time` datetime NOT NULL DEFAULT CURRENT_TIMESTAMP,
  PRIMARY KEY (`id`),
  UNIQUE KEY `uk_subjective_grades` (`submission_id`,`question_id`),
  KEY `idx_subjective_exam_question` (`exam_id`,`question_id`)
) ENGINE=InnoDB DEFAULT CHARSET=utf8mb4 COLLATE=utf8mb4_0900_ai_ci
Table	Non_unique	Key_name	Seq_in_index	Column_name	Collation	Cardinality	Sub_part	Packed	Null	Index_type	Comment	Index_comment	Visible	Expression
exam_submissions	0	PRIMARY	1	id	A	0	NULL	NULL		BTREE			YES	NULL
exam_submissions	0	uk_exam_student	1	exam_id	A	0	NULL	NULL		BTREE			YES	NULL
exam_submissions	0	uk_exam_student	2	student_id	A	0	NULL	NULL		BTREE			YES	NULL
exam_submissions	1	idx_submissions_sweep	1	status	A	0	NULL	NULL		BTREE			YES	NULL
exam_submissions	1	idx_submissions_sweep	2	deadline_time	A	0	NULL	NULL		BTREE			YES	NULL
exam_submissions	1	idx_submissions_exam_submit	1	exam_id	A	0	NULL	NULL		BTREE			YES	NULL
exam_submissions	1	idx_submissions_exam_submit	2	submit_time	A	0	NULL	NULL	YES	BTREE			YES	NULL
exam_submissions	1	idx_submissions_grading	1	exam_id	A	0	NULL	NULL		BTREE			YES	NULL
exam_submissions	1	idx_submissions_grading	2	grading_status	A	0	NULL	NULL		BTREE			YES	NULL
exam_submissions	1	idx_submissions_student	1	student_id	A	0	NULL	NULL		BTREE			YES	NULL
exam_submissions	1	idx_submissions_republish	1	status	A	0	NULL	NULL		BTREE			YES	NULL
exam_submissions	1	idx_submissions_republish	2	answers_missing	A	0	NULL	NULL	YES	BTREE			YES	NULL
Table	Non_unique	Key_name	Seq_in_index	Column_name	Collation	Cardinality	Sub_part	Packed	Null	Index_type	Comment	Index_comment	Visible	Expression
subjective_grades	0	PRIMARY	1	id	A	0	NULL	NULL		BTREE			YES	NULL
subjective_grades	0	uk_subjective_grades	1	submission_id	A	0	NULL	NULL		BTREE			YES	NULL
subjective_grades	0	uk_subjective_grades	2	question_id	A	0	NULL	NULL		BTREE			YES	NULL
subjective_grades	1	idx_subjective_exam_question	1	exam_id	A	0	NULL	NULL		BTREE			YES	NULL
subjective_grades	1	idx_subjective_exam_question	2	question_id	A	0	NULL	NULL		BTREE			YES	NULL

=== setup 2026-10-01T06:15:14.024Z ===
create-db exit=1 Error response from daemon: No such container: gsproj_mysql_measure
=== setup 2026-10-01T08:35:55.135Z ===
create-db exit=0 SCHEMA_EXIT=0
SELECT VERSION()=8.0.46
tableCount=26
*************************** 1. row ***************************
       Table: exam_submissions
Create Table: CREATE TABLE `exam_submissions` (
  `id` bigint NOT NULL AUTO_INCREMENT,
  `exam_id` bigint NOT NULL,
  `student_id` bigint NOT NULL,
  `start_time` datetime NOT NULL,
  `deadline_time` datetime NOT NULL,
  `submit_time` datetime DEFAULT NULL,
  `submit_type` tinyint DEFAULT NULL,
  `paper_json` longtext,
  `answers` longtext,
  `status` tinyint NOT NULL DEFAULT '1',
  `version` int NOT NULL DEFAULT '0',
  `objective_score` decimal(5,1) DEFAULT NULL,
  `subjective_score` decimal(5,1) DEFAULT NULL,
  `total_score` decimal(5,1) DEFAULT NULL,
  `grading_status` tinyint NOT NULL DEFAULT '0',
  `grading_error` varchar(512) DEFAULT NULL,
  `partial_graded` tinyint NOT NULL DEFAULT '0',
  `answers_missing` tinyint GENERATED ALWAYS AS ((case when (`answers` is null) then 1 else 0 end)) VIRTUAL,
  `created_time` datetime NOT NULL DEFAULT CURRENT_TIMESTAMP,
  `updated_time` datetime NOT NULL DEFAULT CURRENT_TIMESTAMP,
  PRIMARY KEY (`id`),
  UNIQUE KEY `uk_exam_student` (`exam_id`,`student_id`),
  KEY `idx_submissions_sweep` (`status`,`deadline_time`),
  KEY `idx_submissions_exam_submit` (`exam_id`,`submit_time`),
  KEY `idx_submissions_grading` (`exam_id`,`grading_status`),
  KEY `idx_submissions_student` (`student_id`),
  KEY `idx_submissions_republish` (`status`,`answers_missing`)
) ENGINE=InnoDB DEFAULT CHARSET=utf8mb4 COLLATE=utf8mb4_0900_ai_ci
*************************** 1. row ***************************
       Table: subjective_grades
Create Table: CREATE TABLE `subjective_grades` (
  `id` bigint NOT NULL AUTO_INCREMENT,
  `submission_id` bigint NOT NULL,
  `exam_id` bigint NOT NULL,
  `student_id` bigint NOT NULL,
  `question_id` bigint NOT NULL,
  `question_number` int NOT NULL,
  `student_answer` text,
  `suggested_score` decimal(5,1) DEFAULT NULL,
  `suggested_detail` varchar(512) DEFAULT NULL,
  `score` decimal(5,1) DEFAULT NULL,
  `comment` varchar(1024) DEFAULT NULL,
  `grader_id` bigint DEFAULT NULL,
  `graded_time` datetime DEFAULT NULL,
  `version` int NOT NULL DEFAULT '0',
  `created_time` datetime NOT NULL DEFAULT CURRENT_TIMESTAMP,
  `updated_time` datetime NOT NULL DEFAULT CURRENT_TIMESTAMP,
  PRIMARY KEY (`id`),
  UNIQUE KEY `uk_subjective_grades` (`submission_id`,`question_id`),
  KEY `idx_subjective_exam_question` (`exam_id`,`question_id`)
) ENGINE=InnoDB DEFAULT CHARSET=utf8mb4 COLLATE=utf8mb4_0900_ai_ci
Table	Non_unique	Key_name	Seq_in_index	Column_name	Collation	Cardinality	Sub_part	Packed	Null	Index_type	Comment	Index_comment	Visible	Expression
exam_submissions	0	PRIMARY	1	id	A	0	NULL	NULL		BTREE			YES	NULL
exam_submissions	0	uk_exam_student	1	exam_id	A	0	NULL	NULL		BTREE			YES	NULL
exam_submissions	0	uk_exam_student	2	student_id	A	0	NULL	NULL		BTREE			YES	NULL
exam_submissions	1	idx_submissions_sweep	1	status	A	0	NULL	NULL		BTREE			YES	NULL
exam_submissions	1	idx_submissions_sweep	2	deadline_time	A	0	NULL	NULL		BTREE			YES	NULL
exam_submissions	1	idx_submissions_exam_submit	1	exam_id	A	0	NULL	NULL		BTREE			YES	NULL
exam_submissions	1	idx_submissions_exam_submit	2	submit_time	A	0	NULL	NULL	YES	BTREE			YES	NULL
exam_submissions	1	idx_submissions_grading	1	exam_id	A	0	NULL	NULL		BTREE			YES	NULL
exam_submissions	1	idx_submissions_grading	2	grading_status	A	0	NULL	NULL		BTREE			YES	NULL
exam_submissions	1	idx_submissions_student	1	student_id	A	0	NULL	NULL		BTREE			YES	NULL
exam_submissions	1	idx_submissions_republish	1	status	A	0	NULL	NULL		BTREE			YES	NULL
exam_submissions	1	idx_submissions_republish	2	answers_missing	A	0	NULL	NULL	YES	BTREE			YES	NULL
Table	Non_unique	Key_name	Seq_in_index	Column_name	Collation	Cardinality	Sub_part	Packed	Null	Index_type	Comment	Index_comment	Visible	Expression
subjective_grades	0	PRIMARY	1	id	A	0	NULL	NULL		BTREE			YES	NULL
subjective_grades	0	uk_subjective_grades	1	submission_id	A	0	NULL	NULL		BTREE			YES	NULL
subjective_grades	0	uk_subjective_grades	2	question_id	A	0	NULL	NULL		BTREE			YES	NULL
subjective_grades	1	idx_subjective_exam_question	1	exam_id	A	0	NULL	NULL		BTREE			YES	NULL
subjective_grades	1	idx_subjective_exam_question	2	question_id	A	0	NULL	NULL		BTREE			YES	NULL

