[INFO] Scanning for projects...
[INFO] 
[INFO] ------------------------< com.exam:exam-online >------------------------
[INFO] Building exam-online 0.1.0-SNAPSHOT
[INFO]   from pom.xml
[INFO] --------------------------------[ jar ]---------------------------------
[INFO] 
[INFO] --- jacoco:0.8.12:prepare-agent (jacoco-prepare-agent) @ exam-online ---
[INFO] argLine set to -javaagent:D:\\code\\examOnline\\.m2-repo\\org\\jacoco\\org.jacoco.agent\\0.8.12\\org.jacoco.agent-0.8.12-runtime.jar=destfile=D:\\code\\examOnline\\target\\jacoco.exec,excludes=com/exam/ExamOnlineApplication.class:com/exam/**/dto/**:com/exam/**/entity/**
[INFO] 
[INFO] --- resources:3.3.1:resources (default-resources) @ exam-online ---
[INFO] Copying 3 resources from src\main\resources to target\classes
[INFO] Copying 1 resource from src\main\resources to target\classes
[INFO] 
[INFO] --- compiler:3.14.0:compile (default-compile) @ exam-online ---
[INFO] Nothing to compile - all classes are up to date.
[INFO] 
[INFO] --- resources:3.3.1:testResources (default-testResources) @ exam-online ---
[INFO] Copying 2 resources from src\test\resources to target\test-classes
[INFO] 
[INFO] --- compiler:3.14.0:testCompile (default-testCompile) @ exam-online ---
[INFO] Recompiling the module because of changed source code.
[INFO] Compiling 62 source files with javac [debug parameters release 17] to target\test-classes
[INFO] 由于在类路径中发现了一个或多个处理程序，因此启用了
  批注处理。未来发行版的 javac 可能会禁用批注处理，
  除非至少按名称指定了一个处理程序 (-processor)，
  或指定了搜索路径 (--processor-path, --processor-module-path)，
  或显式启用了批注处理 (-proc:only, -proc:full)。
  可使用 -Xlint:-options 隐藏此消息。
  可使用 -proc:none 禁用批注处理。
[INFO] /D:/code/examOnline/src/test/java/com/exam/exam/measure/MakeupEligibleAttributionMeasureIT.java: 某些输入文件使用或覆盖了已过时的 API。
[INFO] /D:/code/examOnline/src/test/java/com/exam/exam/measure/MakeupEligibleAttributionMeasureIT.java: 有关详细信息, 请使用 -Xlint:deprecation 重新编译。
[INFO] /D:/code/examOnline/src/test/java/com/exam/exam/service/AbsenceServiceTest.java: 某些输入文件使用了未经检查或不安全的操作。
[INFO] /D:/code/examOnline/src/test/java/com/exam/exam/service/AbsenceServiceTest.java: 有关详细信息, 请使用 -Xlint:unchecked 重新编译。
[INFO] 
[INFO] --- surefire:3.5.3:test (default-test) @ exam-online ---
[INFO] Using auto detected provider org.apache.maven.surefire.junitplatform.JUnitPlatformProvider
[INFO] 
[INFO] -------------------------------------------------------
[INFO]  T E S T S
[INFO] -------------------------------------------------------
[INFO] Running com.exam.score.measure.MyScoreCountCaptureMeasureIT
12:13:01.231 [main] INFO org.springframework.boot.test.context.SpringBootTestContextBootstrapper -- Found @SpringBootConfiguration com.exam.ExamOnlineApplication for test class com.exam.score.measure.MyScoreCountCaptureMeasureIT

  .   ____          _            __ _ _
 /\\ / ___'_ __ _ _(_)_ __  __ _ \ \ \ \
( ( )\___ | '_ | '_| | '_ \/ _` | \ \ \ \
 \\/  ___)| |_)| | | | | || (_| |  ) ) ) )
  '  |____| .__|_| |_|_| |_\__, | / / / /
 =========|_|==============|___/=/_/_/_/

 :: Spring Boot ::                (v3.5.5)

2026-09-29 12:13:01.985 [main] [] [] INFO  c.e.s.m.MyScoreCountCaptureMeasureIT - Starting MyScoreCountCaptureMeasureIT using Java 21.0.9 with PID 18704 (started by fzdzzj in D:\code\examOnline)
2026-09-29 12:13:01.987 [main] [] [] INFO  c.e.s.m.MyScoreCountCaptureMeasureIT - The following 1 profile is active: "test"
2026-09-29 12:13:06.267 [main] [] [] INFO  o.s.d.r.c.RepositoryConfigurationDelegate - Multiple Spring Data modules found, entering strict repository configuration mode
2026-09-29 12:13:06.273 [main] [] [] INFO  o.s.d.r.c.RepositoryConfigurationDelegate - Bootstrapping Spring Data Redis repositories in DEFAULT mode.
2026-09-29 12:13:06.409 [main] [] [] INFO  o.s.d.r.c.RepositoryConfigurationDelegate - Finished Spring Data repository scanning in 106 ms. Found 0 Redis repository interfaces.
2026-09-29 12:13:07.910 [main] [] [] WARN  o.s.c.s.PostProcessorRegistrationDelegate$BeanPostProcessorChecker - Bean 'io.opentelemetry.instrumentation.spring.autoconfigure.OpenTelemetryAutoConfiguration$OpenTelemetrySdkConfig' of type [io.opentelemetry.instrumentation.spring.autoconfigure.OpenTelemetryAutoConfiguration$OpenTelemetrySdkConfig$$SpringCGLIB$$0] is not eligible for getting processed by all BeanPostProcessors (for example: not eligible for auto-proxying). Is this bean getting eagerly injected/applied to a currently created BeanPostProcessor [meterRegistryPostProcessor]? Check the corresponding BeanPostProcessor declaration and its dependencies/advisors. If this bean does not have to be post-processed, declare it with ROLE_INFRASTRUCTURE.
2026-09-29 12:13:07.929 [main] [] [] WARN  o.s.c.s.PostProcessorRegistrationDelegate$BeanPostProcessorChecker - Bean 'mapConverter' of type [io.opentelemetry.instrumentation.spring.autoconfigure.internal.MapConverter] is not eligible for getting processed by all BeanPostProcessors (for example: not eligible for auto-proxying). Is this bean getting eagerly injected/applied to a currently created BeanPostProcessor [meterRegistryPostProcessor]? Check the corresponding BeanPostProcessor declaration and its dependencies/advisors. If this bean does not have to be post-processed, declare it with ROLE_INFRASTRUCTURE.
2026-09-29 12:13:09.176 [main] [] [] INFO  c.e.a.collector.BehaviorEventRegistry - 注册行为事件策略: DRAFT_CONFLICT -> DraftConflictEventCollector
2026-09-29 12:13:09.179 [main] [] [] INFO  c.e.a.collector.BehaviorEventRegistry - 注册行为事件策略: PAGE_REFRESH -> PageRefreshEventCollector
2026-09-29 12:13:09.179 [main] [] [] INFO  c.e.a.collector.BehaviorEventRegistry - 注册行为事件策略: SUBMIT_ANOMALY -> SubmitAnomalyEventCollector
2026-09-29 12:13:09.180 [main] [] [] INFO  c.e.a.collector.BehaviorEventRegistry - 注册行为事件策略: SWITCH_SCREEN -> SwitchScreenEventCollector
2026-09-29 12:13:09.180 [main] [] [] INFO  c.e.a.collector.BehaviorEventRegistry - 注册行为事件策略: WINDOW_BLUR -> WindowBlurEventCollector
2026-09-29 12:13:09.289 [main] [] [] INFO  com.zaxxer.hikari.HikariDataSource - master - Starting...
2026-09-29 12:13:09.972 [main] [] [] INFO  com.zaxxer.hikari.pool.HikariPool - master - Added connection conn0: url=jdbc:h2:mem:exam user=SA
2026-09-29 12:13:09.978 [main] [] [] INFO  com.zaxxer.hikari.HikariDataSource - master - Start completed.
2026-09-29 12:13:09.984 [main] [] [] INFO  com.zaxxer.hikari.HikariDataSource - slave - Starting...
2026-09-29 12:13:09.985 [main] [] [] INFO  com.zaxxer.hikari.pool.HikariPool - slave - Added connection conn1: url=jdbc:h2:mem:exam user=SA
2026-09-29 12:13:09.987 [main] [] [] INFO  com.zaxxer.hikari.HikariDataSource - slave - Start completed.
2026-09-29 12:13:09.987 [main] [] [] INFO  c.b.d.d.DynamicRoutingDataSource - dynamic-datasource - add a datasource named [slave] success
2026-09-29 12:13:09.987 [main] [] [] INFO  c.b.d.d.DynamicRoutingDataSource - dynamic-datasource - add a datasource named [master] success
2026-09-29 12:13:09.987 [main] [] [] INFO  c.b.d.d.DynamicRoutingDataSource - dynamic-datasource initial loaded [2] datasource,primary datasource named [master]
2026-09-29 12:13:12.991 [main] [] [] INFO  c.e.g.strategy.GradingStrategyRegistry - 注册判分策略: JUDGE -> JudgeGradingStrategy
2026-09-29 12:13:12.992 [main] [] [] INFO  c.e.g.strategy.GradingStrategyRegistry - 注册判分策略: MULTIPLE -> MultipleChoiceGradingStrategy
2026-09-29 12:13:12.992 [main] [] [] INFO  c.e.g.strategy.GradingStrategyRegistry - 注册判分策略: SHORT_ANSWER -> ShortAnswerGradingStrategy
2026-09-29 12:13:12.992 [main] [] [] INFO  c.e.g.strategy.GradingStrategyRegistry - 注册判分策略: SINGLE -> SingleChoiceGradingStrategy
2026-09-29 12:13:17.181 [main] [] [] INFO  o.s.b.a.e.web.EndpointLinksResolver - Exposing 3 endpoints beneath base path '/actuator'
2026-09-29 12:13:17.313 [main] [] [] INFO  o.s.a.r.c.CachingConnectionFactory - Attempting to connect to: [127.0.0.1:5672]
2026-09-29 12:13:17.331 [main] [] [] INFO  o.s.a.r.l.SimpleMessageListenerContainer - Broker not available; cannot force queue declarations during start: java.net.ConnectException: Connection refused: getsockopt
2026-09-29 12:13:17.346 [org.springframework.amqp.rabbit.RabbitListenerEndpointContainer#0-1] [] [] INFO  o.s.a.r.c.CachingConnectionFactory - Attempting to connect to: [127.0.0.1:5672]
2026-09-29 12:13:17.361 [org.springframework.amqp.rabbit.RabbitListenerEndpointContainer#0-1] [] [] ERROR o.s.a.r.l.SimpleMessageListenerContainer - Failed to check/redeclare auto-delete queue(s).
org.springframework.amqp.AmqpConnectException: java.net.ConnectException: Connection refused: getsockopt
	at org.springframework.amqp.rabbit.support.RabbitExceptionTranslator.convertRabbitAccessException(RabbitExceptionTranslator.java:61)
	at org.springframework.amqp.rabbit.connection.AbstractConnectionFactory.createBareConnection(AbstractConnectionFactory.java:632)
	at org.springframework.amqp.rabbit.connection.CachingConnectionFactory.createConnection(CachingConnectionFactory.java:726)
	at org.springframework.amqp.rabbit.connection.ConnectionFactoryUtils.createConnection(ConnectionFactoryUtils.java:257)
	at org.springframework.amqp.rabbit.core.RabbitTemplate.doExecute(RabbitTemplate.java:2262)
	at org.springframework.amqp.rabbit.core.RabbitTemplate.execute(RabbitTemplate.java:2235)
	at org.springframework.amqp.rabbit.core.RabbitTemplate.execute(RabbitTemplate.java:2215)
	at org.springframework.amqp.rabbit.core.RabbitAdmin.getQueueInfo(RabbitAdmin.java:467)
	at org.springframework.amqp.rabbit.core.RabbitAdmin.getQueueProperties(RabbitAdmin.java:451)
	at org.springframework.amqp.rabbit.listener.AbstractMessageListenerContainer.attemptDeclarations(AbstractMessageListenerContainer.java:1972)
	at org.springframework.amqp.rabbit.listener.AbstractMessageListenerContainer.redeclareElementsIfNecessary(AbstractMessageListenerContainer.java:1936)
	at org.springframework.amqp.rabbit.listener.SimpleMessageListenerContainer$AsyncMessageProcessingConsumer.initialize(SimpleMessageListenerContainer.java:1481)
	at org.springframework.amqp.rabbit.listener.SimpleMessageListenerContainer$AsyncMessageProcessingConsumer.run(SimpleMessageListenerContainer.java:1322)
	at java.base/java.lang.Thread.run(Thread.java:1583)
Caused by: java.net.ConnectException: Connection refused: getsockopt
	at java.base/sun.nio.ch.Net.pollConnect(Native Method)
	at java.base/sun.nio.ch.Net.pollConnectNow(Net.java:690)
	at java.base/sun.nio.ch.NioSocketImpl.timedFinishConnect(NioSocketImpl.java:542)
	at java.base/sun.nio.ch.NioSocketImpl.connect(NioSocketImpl.java:592)
	at java.base/java.net.SocksSocketImpl.connect(SocksSocketImpl.java:327)
	at java.base/java.net.Socket.connect(Socket.java:751)
	at com.rabbitmq.client.impl.SocketFrameHandlerFactory.create(SocketFrameHandlerFactory.java:61)
	at com.rabbitmq.client.ConnectionFactory.newConnection(ConnectionFactory.java:1249)
	at com.rabbitmq.client.ConnectionFactory.newConnection(ConnectionFactory.java:1198)
	at org.springframework.amqp.rabbit.connection.AbstractConnectionFactory.connectAddresses(AbstractConnectionFactory.java:678)
	at org.springframework.amqp.rabbit.connection.AbstractConnectionFactory.connect(AbstractConnectionFactory.java:647)
	at org.springframework.amqp.rabbit.connection.AbstractConnectionFactory.createBareConnection(AbstractConnectionFactory.java:593)
	... 12 common frames omitted
2026-09-29 12:13:17.377 [org.springframework.amqp.rabbit.RabbitListenerEndpointContainer#0-1] [] [] INFO  o.s.a.r.c.CachingConnectionFactory - Attempting to connect to: [127.0.0.1:5672]
2026-09-29 12:13:17.402 [main] [] [] INFO  c.e.s.m.MyScoreCountCaptureMeasureIT - Started MyScoreCountCaptureMeasureIT in 15.913 seconds (process running for 18.003)
2026-09-29 12:13:17.769 [main] [] [] INFO  c.exam.config.RolePermissionInitializer - RBAC 角色/权限预置完成
2026-09-29 12:13:17.848 [main] [] [] INFO  com.exam.config.AdminInitializer - 首次启动：已创建默认管理员 username=admin（请尽快通过环境变量 ADMIN_PASSWORD 修改）
2026-09-29 12:13:17.849 [main] [] [] INFO  com.exam.config.ApplicationConfig - JWT_SECRET validated successfully (length: 58)
2026-09-29 12:13:17.849 [main] [] [] INFO  com.exam.config.ApplicationConfig - Application configuration validated successfully
Mockito is currently self-attaching to enable the inline-mock-maker. This will no longer work in future releases of the JDK. Please add Mockito as an agent to your build as described in Mockito's documentation: https://javadoc.io/doc/org.mockito/mockito-core/latest/org.mockito/org/mockito/Mockito.html#0.3
WARNING: A Java agent has been loaded dynamically (D:\code\examOnline\.m2-repo\net\bytebuddy\byte-buddy-agent\1.17.7\byte-buddy-agent-1.17.7.jar)
WARNING: If a serviceability tool is in use, please run with -XX:+EnableDynamicAgentLoading to hide this warning
WARNING: If a serviceability tool is not in use, please run with -Djdk.instrument.traceUsage for more information
WARNING: Dynamic loading of agents will be disallowed by default in a future release
CAPTURE n=50 statements=4 rank=50
CAPTURE n=50 countSql=SELECT COUNT( * ) AS total FROM exam_submissions      WHERE  (exam_id = ? AND status = ? AND total_score IS NOT NULL AND total_score > ?)
CAPTURE n=50 countValues={ew.paramNameValuePairs.MPGENVAL1=930000050, ew.paramNameValuePairs.MPGENVAL2=3, ew.paramNameValuePairs.MPGENVAL3=40.0}
CAPTURE n=50 countLiteralSql=SELECT COUNT( * ) AS total FROM exam_submissions      WHERE  (exam_id = 930000050 AND status = 3 AND total_score IS NOT NULL AND total_score > 40.0)
CAPTURE n=200 statements=4 rank=200
CAPTURE n=200 countSql=SELECT COUNT( * ) AS total FROM exam_submissions      WHERE  (exam_id = ? AND status = ? AND total_score IS NOT NULL AND total_score > ?)
CAPTURE n=200 countValues={ew.paramNameValuePairs.MPGENVAL1=930000200, ew.paramNameValuePairs.MPGENVAL2=3, ew.paramNameValuePairs.MPGENVAL3=40.0}
CAPTURE n=200 countLiteralSql=SELECT COUNT( * ) AS total FROM exam_submissions      WHERE  (exam_id = 930000200 AND status = 3 AND total_score IS NOT NULL AND total_score > 40.0)
CAPTURE n=1000 statements=4 rank=997
CAPTURE n=1000 countSql=SELECT COUNT( * ) AS total FROM exam_submissions      WHERE  (exam_id = ? AND status = ? AND total_score IS NOT NULL AND total_score > ?)
CAPTURE n=1000 countValues={ew.paramNameValuePairs.MPGENVAL1=930001000, ew.paramNameValuePairs.MPGENVAL2=3, ew.paramNameValuePairs.MPGENVAL3=40.0}
CAPTURE n=1000 countLiteralSql=SELECT COUNT( * ) AS total FROM exam_submissions      WHERE  (exam_id = 930001000 AND status = 3 AND total_score IS NOT NULL AND total_score > 40.0)
CAPTURE n=3000 statements=4 rank=2991
CAPTURE n=3000 countSql=SELECT COUNT( * ) AS total FROM exam_submissions      WHERE  (exam_id = ? AND status = ? AND total_score IS NOT NULL AND total_score > ?)
CAPTURE n=3000 countValues={ew.paramNameValuePairs.MPGENVAL1=930003000, ew.paramNameValuePairs.MPGENVAL2=3, ew.paramNameValuePairs.MPGENVAL3=40.0}
CAPTURE n=3000 countLiteralSql=SELECT COUNT( * ) AS total FROM exam_submissions      WHERE  (exam_id = 930003000 AND status = 3 AND total_score IS NOT NULL AND total_score > 40.0)
CAPTURE written D:\code\examOnline-measure\myscore-count-attr\myscore-count-capture-cap1.json
[INFO] Tests run: 1, Failures: 0, Errors: 0, Skipped: 0, Time elapsed: 21.32 s -- in com.exam.score.measure.MyScoreCountCaptureMeasureIT
[INFO] 
[INFO] Results:
[INFO] 
[INFO] Tests run: 1, Failures: 0, Errors: 0, Skipped: 0
[INFO] 
[INFO] 
[INFO] --- jacoco:0.8.12:report (jacoco-report) @ exam-online ---
[INFO] Loading execution data file D:\code\examOnline\target\jacoco.exec
[INFO] Analyzed bundle 'exam-online' with 133 classes
[INFO] ------------------------------------------------------------------------
[INFO] BUILD SUCCESS
[INFO] ------------------------------------------------------------------------
[INFO] Total time:  37.915 s
[INFO] Finished at: 2026-09-29T12:13:24+08:00
[INFO] ------------------------------------------------------------------------
