=== EXPLAIN shape=50 x=40.0 at=2026-09-29T04:22:14.134Z exit=0
id	select_type	table	partitions	type	possible_keys	key	key_len	ref	rows	filtered	Extra
1	SIMPLE	exam_submissions	NULL	range	uk_exam_student,idx_submissions_sweep,idx_submissions_exam_submit,idx_submissions_grading,idx_submissions_score_rank,idx_submissions_republish	idx_submissions_score_rank	13	NULL	49	100.00	Using where; Using index

=== ROUND shape=50 x=40.0 round=1 count=49 at=2026-09-29T04:22:14.485Z
--- COUNT (exit 0):
total
49

--- EXPLAIN ANALYZE (exit 0):
EXPLAIN
-> Aggregate: count(0)  (cost=15.8 rows=1) (actual time=0.0335..0.0335 rows=1 loops=1)\n    -> Filter: ((exam_submissions.`status` = 3) and (exam_submissions.exam_id = 930000050) and (exam_submissions.total_score is not null) and (exam_submissions.total_score > 40.0))  (cost=10.9 rows=49) (actual time=0.0218..0.0295 rows=49 loops=1)\n        -> Covering index range scan on exam_submissions using idx_submissions_score_rank over (exam_id = 930000050 AND status = 3 AND 40.0 < total_score)  (cost=10.9 rows=49) (actual time=0.0194..0.0233 rows=49 loops=1)\n

=== ROUND shape=50 x=40.0 round=2 count=49 at=2026-09-29T04:22:14.890Z
--- COUNT (exit 0):
total
49

--- EXPLAIN ANALYZE (exit 0):
EXPLAIN
-> Aggregate: count(0)  (cost=15.8 rows=1) (actual time=0.0458..0.0459 rows=1 loops=1)\n    -> Filter: ((exam_submissions.`status` = 3) and (exam_submissions.exam_id = 930000050) and (exam_submissions.total_score is not null) and (exam_submissions.total_score > 40.0))  (cost=10.9 rows=49) (actual time=0.0273..0.0403 rows=49 loops=1)\n        -> Covering index range scan on exam_submissions using idx_submissions_score_rank over (exam_id = 930000050 AND status = 3 AND 40.0 < total_score)  (cost=10.9 rows=49) (actual time=0.0246..0.0305 rows=49 loops=1)\n

=== ROUND shape=50 x=40.0 round=3 count=49 at=2026-09-29T04:22:15.323Z
--- COUNT (exit 0):
total
49

--- EXPLAIN ANALYZE (exit 0):
EXPLAIN
-> Aggregate: count(0)  (cost=15.8 rows=1) (actual time=0.0511..0.0512 rows=1 loops=1)\n    -> Filter: ((exam_submissions.`status` = 3) and (exam_submissions.exam_id = 930000050) and (exam_submissions.total_score is not null) and (exam_submissions.total_score > 40.0))  (cost=10.9 rows=49) (actual time=0.0307..0.0449 rows=49 loops=1)\n        -> Covering index range scan on exam_submissions using idx_submissions_score_rank over (exam_id = 930000050 AND status = 3 AND 40.0 < total_score)  (cost=10.9 rows=49) (actual time=0.0274..0.0338 rows=49 loops=1)\n

=== ROUND shape=50 x=40.0 round=4 count=49 at=2026-09-29T04:22:15.782Z
--- COUNT (exit 0):
total
49

--- EXPLAIN ANALYZE (exit 0):
EXPLAIN
-> Aggregate: count(0)  (cost=15.8 rows=1) (actual time=0.0628..0.0629 rows=1 loops=1)\n    -> Filter: ((exam_submissions.`status` = 3) and (exam_submissions.exam_id = 930000050) and (exam_submissions.total_score is not null) and (exam_submissions.total_score > 40.0))  (cost=10.9 rows=49) (actual time=0.043..0.0568 rows=49 loops=1)\n        -> Covering index range scan on exam_submissions using idx_submissions_score_rank over (exam_id = 930000050 AND status = 3 AND 40.0 < total_score)  (cost=10.9 rows=49) (actual time=0.0403..0.0464 rows=49 loops=1)\n

=== ROUND shape=50 x=40.0 round=5 count=49 at=2026-09-29T04:22:16.174Z
--- COUNT (exit 0):
total
49

--- EXPLAIN ANALYZE (exit 0):
EXPLAIN
-> Aggregate: count(0)  (cost=15.8 rows=1) (actual time=0.0352..0.0353 rows=1 loops=1)\n    -> Filter: ((exam_submissions.`status` = 3) and (exam_submissions.exam_id = 930000050) and (exam_submissions.total_score is not null) and (exam_submissions.total_score > 40.0))  (cost=10.9 rows=49) (actual time=0.0219..0.0311 rows=49 loops=1)\n        -> Covering index range scan on exam_submissions using idx_submissions_score_rank over (exam_id = 930000050 AND status = 3 AND 40.0 < total_score)  (cost=10.9 rows=49) (actual time=0.0194..0.0237 rows=49 loops=1)\n

=== EXPLAIN shape=200 x=40.0 at=2026-09-29T04:22:16.748Z exit=0
id	select_type	table	partitions	type	possible_keys	key	key_len	ref	rows	filtered	Extra
1	SIMPLE	exam_submissions	NULL	range	uk_exam_student,idx_submissions_sweep,idx_submissions_exam_submit,idx_submissions_grading,idx_submissions_score_rank,idx_submissions_republish	idx_submissions_score_rank	13	NULL	199	100.00	Using where; Using index

=== ROUND shape=200 x=40.0 round=1 count=199 at=2026-09-29T04:22:17.235Z
--- COUNT (exit 0):
total
199

--- EXPLAIN ANALYZE (exit 0):
EXPLAIN
-> Aggregate: count(0)  (cost=61.1 rows=1) (actual time=0.0765..0.0766 rows=1 loops=1)\n    -> Filter: ((exam_submissions.`status` = 3) and (exam_submissions.exam_id = 930000200) and (exam_submissions.total_score is not null) and (exam_submissions.total_score > 40.0))  (cost=41.2 rows=199) (actual time=0.023..0.0673 rows=199 loops=1)\n        -> Covering index range scan on exam_submissions using idx_submissions_score_rank over (exam_id = 930000200 AND status = 3 AND 40.0 < total_score)  (cost=41.2 rows=199) (actual time=0.0207..0.0452 rows=199 loops=1)\n

=== ROUND shape=200 x=40.0 round=2 count=199 at=2026-09-29T04:22:17.595Z
--- COUNT (exit 0):
total
199

--- EXPLAIN ANALYZE (exit 0):
EXPLAIN
-> Aggregate: count(0)  (cost=61.1 rows=1) (actual time=0.0646..0.0646 rows=1 loops=1)\n    -> Filter: ((exam_submissions.`status` = 3) and (exam_submissions.exam_id = 930000200) and (exam_submissions.total_score is not null) and (exam_submissions.total_score > 40.0))  (cost=41.2 rows=199) (actual time=0.0214..0.0572 rows=199 loops=1)\n        -> Covering index range scan on exam_submissions using idx_submissions_score_rank over (exam_id = 930000200 AND status = 3 AND 40.0 < total_score)  (cost=41.2 rows=199) (actual time=0.0193..0.0391 rows=199 loops=1)\n

=== ROUND shape=200 x=40.0 round=3 count=199 at=2026-09-29T04:22:17.949Z
--- COUNT (exit 0):
total
199

--- EXPLAIN ANALYZE (exit 0):
EXPLAIN
-> Aggregate: count(0)  (cost=61.1 rows=1) (actual time=0.0659..0.066 rows=1 loops=1)\n    -> Filter: ((exam_submissions.`status` = 3) and (exam_submissions.exam_id = 930000200) and (exam_submissions.total_score is not null) and (exam_submissions.total_score > 40.0))  (cost=41.2 rows=199) (actual time=0.0234..0.0579 rows=199 loops=1)\n        -> Covering index range scan on exam_submissions using idx_submissions_score_rank over (exam_id = 930000200 AND status = 3 AND 40.0 < total_score)  (cost=41.2 rows=199) (actual time=0.0211..0.0404 rows=199 loops=1)\n

=== ROUND shape=200 x=40.0 round=4 count=199 at=2026-09-29T04:22:18.354Z
--- COUNT (exit 0):
total
199

--- EXPLAIN ANALYZE (exit 0):
EXPLAIN
-> Aggregate: count(0)  (cost=61.1 rows=1) (actual time=0.0703..0.0704 rows=1 loops=1)\n    -> Filter: ((exam_submissions.`status` = 3) and (exam_submissions.exam_id = 930000200) and (exam_submissions.total_score is not null) and (exam_submissions.total_score > 40.0))  (cost=41.2 rows=199) (actual time=0.0234..0.062 rows=199 loops=1)\n        -> Covering index range scan on exam_submissions using idx_submissions_score_rank over (exam_id = 930000200 AND status = 3 AND 40.0 < total_score)  (cost=41.2 rows=199) (actual time=0.0212..0.0427 rows=199 loops=1)\n

=== ROUND shape=200 x=40.0 round=5 count=199 at=2026-09-29T04:22:18.723Z
--- COUNT (exit 0):
total
199

--- EXPLAIN ANALYZE (exit 0):
EXPLAIN
-> Aggregate: count(0)  (cost=61.1 rows=1) (actual time=0.0663..0.0664 rows=1 loops=1)\n    -> Filter: ((exam_submissions.`status` = 3) and (exam_submissions.exam_id = 930000200) and (exam_submissions.total_score is not null) and (exam_submissions.total_score > 40.0))  (cost=41.2 rows=199) (actual time=0.0222..0.0585 rows=199 loops=1)\n        -> Covering index range scan on exam_submissions using idx_submissions_score_rank over (exam_id = 930000200 AND status = 3 AND 40.0 < total_score)  (cost=41.2 rows=199) (actual time=0.0198..0.0401 rows=199 loops=1)\n

=== EXPLAIN shape=1000 x=40.0 at=2026-09-29T04:22:19.219Z exit=0
id	select_type	table	partitions	type	possible_keys	key	key_len	ref	rows	filtered	Extra
1	SIMPLE	exam_submissions	NULL	ref	uk_exam_student,idx_submissions_sweep,idx_submissions_exam_submit,idx_submissions_grading,idx_submissions_score_rank,idx_submissions_republish	uk_exam_student	8	const	1000	12.71	Using where

=== ROUND shape=1000 x=40.0 round=1 count=996 at=2026-09-29T04:22:19.670Z
--- COUNT (exit 0):
total
996

--- EXPLAIN ANALYZE (exit 0):
EXPLAIN
-> Aggregate: count(0)  (cost=91.4 rows=1) (actual time=0.927..0.927 rows=1 loops=1)\n    -> Filter: ((exam_submissions.`status` = 3) and (exam_submissions.total_score is not null) and (exam_submissions.total_score > 40.0))  (cost=78.7 rows=127) (actual time=0.104..0.883 rows=996 loops=1)\n        -> Index lookup on exam_submissions using uk_exam_student (exam_id=930001000)  (cost=78.7 rows=1000) (actual time=0.0984..0.761 rows=1000 loops=1)\n

=== ROUND shape=1000 x=40.0 round=2 count=996 at=2026-09-29T04:22:20.122Z
--- COUNT (exit 0):
total
996

--- EXPLAIN ANALYZE (exit 0):
EXPLAIN
-> Aggregate: count(0)  (cost=91.4 rows=1) (actual time=0.964..0.964 rows=1 loops=1)\n    -> Filter: ((exam_submissions.`status` = 3) and (exam_submissions.total_score is not null) and (exam_submissions.total_score > 40.0))  (cost=78.7 rows=127) (actual time=0.105..0.919 rows=996 loops=1)\n        -> Index lookup on exam_submissions using uk_exam_student (exam_id=930001000)  (cost=78.7 rows=1000) (actual time=0.101..0.797 rows=1000 loops=1)\n

=== ROUND shape=1000 x=40.0 round=3 count=996 at=2026-09-29T04:22:20.549Z
--- COUNT (exit 0):
total
996

--- EXPLAIN ANALYZE (exit 0):
EXPLAIN
-> Aggregate: count(0)  (cost=91.4 rows=1) (actual time=0.837..0.837 rows=1 loops=1)\n    -> Filter: ((exam_submissions.`status` = 3) and (exam_submissions.total_score is not null) and (exam_submissions.total_score > 40.0))  (cost=78.7 rows=127) (actual time=0.0963..0.8 rows=996 loops=1)\n        -> Index lookup on exam_submissions using uk_exam_student (exam_id=930001000)  (cost=78.7 rows=1000) (actual time=0.092..0.692 rows=1000 loops=1)\n

=== ROUND shape=1000 x=40.0 round=4 count=996 at=2026-09-29T04:22:20.952Z
--- COUNT (exit 0):
total
996

--- EXPLAIN ANALYZE (exit 0):
EXPLAIN
-> Aggregate: count(0)  (cost=91.4 rows=1) (actual time=0.957..0.957 rows=1 loops=1)\n    -> Filter: ((exam_submissions.`status` = 3) and (exam_submissions.total_score is not null) and (exam_submissions.total_score > 40.0))  (cost=78.7 rows=127) (actual time=0.139..0.913 rows=996 loops=1)\n        -> Index lookup on exam_submissions using uk_exam_student (exam_id=930001000)  (cost=78.7 rows=1000) (actual time=0.133..0.793 rows=1000 loops=1)\n

=== ROUND shape=1000 x=40.0 round=5 count=996 at=2026-09-29T04:22:21.364Z
--- COUNT (exit 0):
total
996

--- EXPLAIN ANALYZE (exit 0):
EXPLAIN
-> Aggregate: count(0)  (cost=91.4 rows=1) (actual time=0.933..0.933 rows=1 loops=1)\n    -> Filter: ((exam_submissions.`status` = 3) and (exam_submissions.total_score is not null) and (exam_submissions.total_score > 40.0))  (cost=78.7 rows=127) (actual time=0.111..0.889 rows=996 loops=1)\n        -> Index lookup on exam_submissions using uk_exam_student (exam_id=930001000)  (cost=78.7 rows=1000) (actual time=0.107..0.77 rows=1000 loops=1)\n

=== EXPLAIN shape=3000 x=40.0 at=2026-09-29T04:22:21.991Z exit=0
id	select_type	table	partitions	type	possible_keys	key	key_len	ref	rows	filtered	Extra
1	SIMPLE	exam_submissions	NULL	ref	uk_exam_student,idx_submissions_sweep,idx_submissions_exam_submit,idx_submissions_grading,idx_submissions_score_rank,idx_submissions_republish	uk_exam_student	8	const	3000	12.71	Using where

=== ROUND shape=3000 x=40.0 round=1 count=2990 at=2026-09-29T04:22:22.447Z
--- COUNT (exit 0):
total
2990

--- EXPLAIN ANALYZE (exit 0):
EXPLAIN
-> Aggregate: count(0)  (cost=142 rows=1) (actual time=2.75..2.75 rows=1 loops=1)\n    -> Filter: ((exam_submissions.`status` = 3) and (exam_submissions.total_score is not null) and (exam_submissions.total_score > 40.0))  (cost=104 rows=381) (actual time=0.258..2.62 rows=2990 loops=1)\n        -> Index lookup on exam_submissions using uk_exam_student (exam_id=930003000)  (cost=104 rows=3000) (actual time=0.253..2.24 rows=3000 loops=1)\n

=== ROUND shape=3000 x=40.0 round=2 count=2990 at=2026-09-29T04:22:22.912Z
--- COUNT (exit 0):
total
2990

--- EXPLAIN ANALYZE (exit 0):
EXPLAIN
-> Aggregate: count(0)  (cost=142 rows=1) (actual time=2.6..2.6 rows=1 loops=1)\n    -> Filter: ((exam_submissions.`status` = 3) and (exam_submissions.total_score is not null) and (exam_submissions.total_score > 40.0))  (cost=104 rows=381) (actual time=0.262..2.48 rows=2990 loops=1)\n        -> Index lookup on exam_submissions using uk_exam_student (exam_id=930003000)  (cost=104 rows=3000) (actual time=0.256..2.14 rows=3000 loops=1)\n

=== ROUND shape=3000 x=40.0 round=3 count=2990 at=2026-09-29T04:22:23.367Z
--- COUNT (exit 0):
total
2990

--- EXPLAIN ANALYZE (exit 0):
EXPLAIN
-> Aggregate: count(0)  (cost=142 rows=1) (actual time=2.89..2.9 rows=1 loops=1)\n    -> Filter: ((exam_submissions.`status` = 3) and (exam_submissions.total_score is not null) and (exam_submissions.total_score > 40.0))  (cost=104 rows=381) (actual time=0.344..2.77 rows=2990 loops=1)\n        -> Index lookup on exam_submissions using uk_exam_student (exam_id=930003000)  (cost=104 rows=3000) (actual time=0.339..2.35 rows=3000 loops=1)\n

=== ROUND shape=3000 x=40.0 round=4 count=2990 at=2026-09-29T04:22:23.831Z
--- COUNT (exit 0):
total
2990

--- EXPLAIN ANALYZE (exit 0):
EXPLAIN
-> Aggregate: count(0)  (cost=142 rows=1) (actual time=2.65..2.65 rows=1 loops=1)\n    -> Filter: ((exam_submissions.`status` = 3) and (exam_submissions.total_score is not null) and (exam_submissions.total_score > 40.0))  (cost=104 rows=381) (actual time=0.246..2.5 rows=2990 loops=1)\n        -> Index lookup on exam_submissions using uk_exam_student (exam_id=930003000)  (cost=104 rows=3000) (actual time=0.241..2.14 rows=3000 loops=1)\n

=== ROUND shape=3000 x=40.0 round=5 count=2990 at=2026-09-29T04:22:24.247Z
--- COUNT (exit 0):
total
2990

--- EXPLAIN ANALYZE (exit 0):
EXPLAIN
-> Aggregate: count(0)  (cost=142 rows=1) (actual time=2.18..2.18 rows=1 loops=1)\n    -> Filter: ((exam_submissions.`status` = 3) and (exam_submissions.total_score is not null) and (exam_submissions.total_score > 40.0))  (cost=104 rows=381) (actual time=0.214..2.08 rows=2990 loops=1)\n        -> Index lookup on exam_submissions using uk_exam_student (exam_id=930003000)  (cost=104 rows=3000) (actual time=0.209..1.78 rows=3000 loops=1)\n

=== EXPLAIN shape=50 x=49.4 at=2026-09-29T04:22:24.809Z exit=0
id	select_type	table	partitions	type	possible_keys	key	key_len	ref	rows	filtered	Extra
1	SIMPLE	exam_submissions	NULL	range	uk_exam_student,idx_submissions_sweep,idx_submissions_exam_submit,idx_submissions_grading,idx_submissions_score_rank,idx_submissions_republish	idx_submissions_score_rank	13	NULL	34	100.00	Using where; Using index

=== ROUND shape=50 x=49.4 round=1 count=34 at=2026-09-29T04:22:25.235Z
--- COUNT (exit 0):
total
34

--- EXPLAIN ANALYZE (exit 0):
EXPLAIN
-> Aggregate: count(0)  (cost=11.2 rows=1) (actual time=0.0356..0.0357 rows=1 loops=1)\n    -> Filter: ((exam_submissions.`status` = 3) and (exam_submissions.exam_id = 930000050) and (exam_submissions.total_score is not null) and (exam_submissions.total_score > 49.4))  (cost=7.84 rows=34) (actual time=0.0225..0.0312 rows=34 loops=1)\n        -> Covering index range scan on exam_submissions using idx_submissions_score_rank over (exam_id = 930000050 AND status = 3 AND 49.4 < total_score)  (cost=7.84 rows=34) (actual time=0.0199..0.0241 rows=34 loops=1)\n

=== ROUND shape=50 x=49.4 round=2 count=34 at=2026-09-29T04:22:25.641Z
--- COUNT (exit 0):
total
34

--- EXPLAIN ANALYZE (exit 0):
EXPLAIN
-> Aggregate: count(0)  (cost=11.2 rows=1) (actual time=0.0406..0.0407 rows=1 loops=1)\n    -> Filter: ((exam_submissions.`status` = 3) and (exam_submissions.exam_id = 930000050) and (exam_submissions.total_score is not null) and (exam_submissions.total_score > 49.4))  (cost=7.84 rows=34) (actual time=0.0251..0.0355 rows=34 loops=1)\n        -> Covering index range scan on exam_submissions using idx_submissions_score_rank over (exam_id = 930000050 AND status = 3 AND 49.4 < total_score)  (cost=7.84 rows=34) (actual time=0.0225..0.0273 rows=34 loops=1)\n

=== ROUND shape=50 x=49.4 round=3 count=34 at=2026-09-29T04:22:26.056Z
--- COUNT (exit 0):
total
34

--- EXPLAIN ANALYZE (exit 0):
EXPLAIN
-> Aggregate: count(0)  (cost=11.2 rows=1) (actual time=0.041..0.0411 rows=1 loops=1)\n    -> Filter: ((exam_submissions.`status` = 3) and (exam_submissions.exam_id = 930000050) and (exam_submissions.total_score is not null) and (exam_submissions.total_score > 49.4))  (cost=7.84 rows=34) (actual time=0.0261..0.0363 rows=34 loops=1)\n        -> Covering index range scan on exam_submissions using idx_submissions_score_rank over (exam_id = 930000050 AND status = 3 AND 49.4 < total_score)  (cost=7.84 rows=34) (actual time=0.0233..0.0284 rows=34 loops=1)\n

=== ROUND shape=50 x=49.4 round=4 count=34 at=2026-09-29T04:22:26.462Z
--- COUNT (exit 0):
total
34

--- EXPLAIN ANALYZE (exit 0):
EXPLAIN
-> Aggregate: count(0)  (cost=11.2 rows=1) (actual time=0.039..0.039 rows=1 loops=1)\n    -> Filter: ((exam_submissions.`status` = 3) and (exam_submissions.exam_id = 930000050) and (exam_submissions.total_score is not null) and (exam_submissions.total_score > 49.4))  (cost=7.84 rows=34) (actual time=0.0249..0.0343 rows=34 loops=1)\n        -> Covering index range scan on exam_submissions using idx_submissions_score_rank over (exam_id = 930000050 AND status = 3 AND 49.4 < total_score)  (cost=7.84 rows=34) (actual time=0.0222..0.0268 rows=34 loops=1)\n

=== ROUND shape=50 x=49.4 round=5 count=34 at=2026-09-29T04:22:26.860Z
--- COUNT (exit 0):
total
34

--- EXPLAIN ANALYZE (exit 0):
EXPLAIN
-> Aggregate: count(0)  (cost=11.2 rows=1) (actual time=0.041..0.0411 rows=1 loops=1)\n    -> Filter: ((exam_submissions.`status` = 3) and (exam_submissions.exam_id = 930000050) and (exam_submissions.total_score is not null) and (exam_submissions.total_score > 49.4))  (cost=7.84 rows=34) (actual time=0.0268..0.0359 rows=34 loops=1)\n        -> Covering index range scan on exam_submissions using idx_submissions_score_rank over (exam_id = 930000050 AND status = 3 AND 49.4 < total_score)  (cost=7.84 rows=34) (actual time=0.0239..0.0285 rows=34 loops=1)\n

=== EXPLAIN shape=200 x=41.9 at=2026-09-29T04:22:27.522Z exit=0
id	select_type	table	partitions	type	possible_keys	key	key_len	ref	rows	filtered	Extra
1	SIMPLE	exam_submissions	NULL	range	uk_exam_student,idx_submissions_sweep,idx_submissions_exam_submit,idx_submissions_grading,idx_submissions_score_rank,idx_submissions_republish	idx_submissions_score_rank	13	NULL	187	100.00	Using where; Using index

=== ROUND shape=200 x=41.9 round=1 count=187 at=2026-09-29T04:22:27.964Z
--- COUNT (exit 0):
total
187

--- EXPLAIN ANALYZE (exit 0):
EXPLAIN
-> Aggregate: count(0)  (cost=57.5 rows=1) (actual time=0.104..0.105 rows=1 loops=1)\n    -> Filter: ((exam_submissions.`status` = 3) and (exam_submissions.exam_id = 930000200) and (exam_submissions.total_score is not null) and (exam_submissions.total_score > 41.9))  (cost=38.8 rows=187) (actual time=0.0289..0.0917 rows=187 loops=1)\n        -> Covering index range scan on exam_submissions using idx_submissions_score_rank over (exam_id = 930000200 AND status = 3 AND 41.9 < total_score)  (cost=38.8 rows=187) (actual time=0.026..0.0603 rows=187 loops=1)\n

=== ROUND shape=200 x=41.9 round=2 count=187 at=2026-09-29T04:22:28.401Z
--- COUNT (exit 0):
total
187

--- EXPLAIN ANALYZE (exit 0):
EXPLAIN
-> Aggregate: count(0)  (cost=57.5 rows=1) (actual time=0.0989..0.099 rows=1 loops=1)\n    -> Filter: ((exam_submissions.`status` = 3) and (exam_submissions.exam_id = 930000200) and (exam_submissions.total_score is not null) and (exam_submissions.total_score > 41.9))  (cost=38.8 rows=187) (actual time=0.029..0.0869 rows=187 loops=1)\n        -> Covering index range scan on exam_submissions using idx_submissions_score_rank over (exam_id = 930000200 AND status = 3 AND 41.9 < total_score)  (cost=38.8 rows=187) (actual time=0.0262..0.0576 rows=187 loops=1)\n

=== ROUND shape=200 x=41.9 round=3 count=187 at=2026-09-29T04:22:28.857Z
--- COUNT (exit 0):
total
187

--- EXPLAIN ANALYZE (exit 0):
EXPLAIN
-> Aggregate: count(0)  (cost=57.5 rows=1) (actual time=0.0956..0.0957 rows=1 loops=1)\n    -> Filter: ((exam_submissions.`status` = 3) and (exam_submissions.exam_id = 930000200) and (exam_submissions.total_score is not null) and (exam_submissions.total_score > 41.9))  (cost=38.8 rows=187) (actual time=0.0295..0.0842 rows=187 loops=1)\n        -> Covering index range scan on exam_submissions using idx_submissions_score_rank over (exam_id = 930000200 AND status = 3 AND 41.9 < total_score)  (cost=38.8 rows=187) (actual time=0.0264..0.0568 rows=187 loops=1)\n

=== ROUND shape=200 x=41.9 round=4 count=187 at=2026-09-29T04:22:29.279Z
--- COUNT (exit 0):
total
187

--- EXPLAIN ANALYZE (exit 0):
EXPLAIN
-> Aggregate: count(0)  (cost=57.5 rows=1) (actual time=0.107..0.107 rows=1 loops=1)\n    -> Filter: ((exam_submissions.`status` = 3) and (exam_submissions.exam_id = 930000200) and (exam_submissions.total_score is not null) and (exam_submissions.total_score > 41.9))  (cost=38.8 rows=187) (actual time=0.0304..0.094 rows=187 loops=1)\n        -> Covering index range scan on exam_submissions using idx_submissions_score_rank over (exam_id = 930000200 AND status = 3 AND 41.9 < total_score)  (cost=38.8 rows=187) (actual time=0.0274..0.0625 rows=187 loops=1)\n

=== ROUND shape=200 x=41.9 round=5 count=187 at=2026-09-29T04:22:29.724Z
--- COUNT (exit 0):
total
187

--- EXPLAIN ANALYZE (exit 0):
EXPLAIN
-> Aggregate: count(0)  (cost=57.5 rows=1) (actual time=0.105..0.105 rows=1 loops=1)\n    -> Filter: ((exam_submissions.`status` = 3) and (exam_submissions.exam_id = 930000200) and (exam_submissions.total_score is not null) and (exam_submissions.total_score > 41.9))  (cost=38.8 rows=187) (actual time=0.029..0.0925 rows=187 loops=1)\n        -> Covering index range scan on exam_submissions using idx_submissions_score_rank over (exam_id = 930000200 AND status = 3 AND 41.9 < total_score)  (cost=38.8 rows=187) (actual time=0.026..0.0611 rows=187 loops=1)\n

=== EXPLAIN shape=1000 x=61.9 at=2026-09-29T04:22:30.406Z exit=0
id	select_type	table	partitions	type	possible_keys	key	key_len	ref	rows	filtered	Extra
1	SIMPLE	exam_submissions	NULL	range	uk_exam_student,idx_submissions_sweep,idx_submissions_exam_submit,idx_submissions_grading,idx_submissions_score_rank,idx_submissions_republish	idx_submissions_score_rank	13	NULL	268	100.00	Using where; Using index

=== ROUND shape=1000 x=61.9 round=1 count=268 at=2026-09-29T04:22:30.817Z
--- COUNT (exit 0):
total
268

--- EXPLAIN ANALYZE (exit 0):
EXPLAIN
-> Aggregate: count(0)  (cost=82 rows=1) (actual time=0.137..0.137 rows=1 loops=1)\n    -> Filter: ((exam_submissions.`status` = 3) and (exam_submissions.exam_id = 930001000) and (exam_submissions.total_score is not null) and (exam_submissions.total_score > 61.9))  (cost=55.2 rows=268) (actual time=0.0303..0.121 rows=268 loops=1)\n        -> Covering index range scan on exam_submissions using idx_submissions_score_rank over (exam_id = 930001000 AND status = 3 AND 61.9 < total_score)  (cost=55.2 rows=268) (actual time=0.0274..0.0785 rows=268 loops=1)\n

=== ROUND shape=1000 x=61.9 round=2 count=268 at=2026-09-29T04:22:31.284Z
--- COUNT (exit 0):
total
268

--- EXPLAIN ANALYZE (exit 0):
EXPLAIN
-> Aggregate: count(0)  (cost=82 rows=1) (actual time=0.135..0.135 rows=1 loops=1)\n    -> Filter: ((exam_submissions.`status` = 3) and (exam_submissions.exam_id = 930001000) and (exam_submissions.total_score is not null) and (exam_submissions.total_score > 61.9))  (cost=55.2 rows=268) (actual time=0.0289..0.119 rows=268 loops=1)\n        -> Covering index range scan on exam_submissions using idx_submissions_score_rank over (exam_id = 930001000 AND status = 3 AND 61.9 < total_score)  (cost=55.2 rows=268) (actual time=0.0261..0.0762 rows=268 loops=1)\n

=== ROUND shape=1000 x=61.9 round=3 count=268 at=2026-09-29T04:22:31.704Z
--- COUNT (exit 0):
total
268

--- EXPLAIN ANALYZE (exit 0):
EXPLAIN
-> Aggregate: count(0)  (cost=82 rows=1) (actual time=0.0935..0.0936 rows=1 loops=1)\n    -> Filter: ((exam_submissions.`status` = 3) and (exam_submissions.exam_id = 930001000) and (exam_submissions.total_score is not null) and (exam_submissions.total_score > 61.9))  (cost=55.2 rows=268) (actual time=0.0237..0.0825 rows=268 loops=1)\n        -> Covering index range scan on exam_submissions using idx_submissions_score_rank over (exam_id = 930001000 AND status = 3 AND 61.9 < total_score)  (cost=55.2 rows=268) (actual time=0.0211..0.054 rows=268 loops=1)\n

=== ROUND shape=1000 x=61.9 round=4 count=268 at=2026-09-29T04:22:32.141Z
--- COUNT (exit 0):
total
268

--- EXPLAIN ANALYZE (exit 0):
EXPLAIN
-> Aggregate: count(0)  (cost=82 rows=1) (actual time=0.137..0.137 rows=1 loops=1)\n    -> Filter: ((exam_submissions.`status` = 3) and (exam_submissions.exam_id = 930001000) and (exam_submissions.total_score is not null) and (exam_submissions.total_score > 61.9))  (cost=55.2 rows=268) (actual time=0.0283..0.12 rows=268 loops=1)\n        -> Covering index range scan on exam_submissions using idx_submissions_score_rank over (exam_id = 930001000 AND status = 3 AND 61.9 < total_score)  (cost=55.2 rows=268) (actual time=0.0253..0.0762 rows=268 loops=1)\n

=== ROUND shape=1000 x=61.9 round=5 count=268 at=2026-09-29T04:22:32.594Z
--- COUNT (exit 0):
total
268

--- EXPLAIN ANALYZE (exit 0):
EXPLAIN
-> Aggregate: count(0)  (cost=82 rows=1) (actual time=0.129..0.129 rows=1 loops=1)\n    -> Filter: ((exam_submissions.`status` = 3) and (exam_submissions.exam_id = 930001000) and (exam_submissions.total_score is not null) and (exam_submissions.total_score > 61.9))  (cost=55.2 rows=268) (actual time=0.0325..0.113 rows=268 loops=1)\n        -> Covering index range scan on exam_submissions using idx_submissions_score_rank over (exam_id = 930001000 AND status = 3 AND 61.9 < total_score)  (cost=55.2 rows=268) (actual time=0.0282..0.0725 rows=268 loops=1)\n

=== EXPLAIN shape=3000 x=51.9 at=2026-09-29T04:22:33.263Z exit=0
id	select_type	table	partitions	type	possible_keys	key	key_len	ref	rows	filtered	Extra
1	SIMPLE	exam_submissions	NULL	range	uk_exam_student,idx_submissions_sweep,idx_submissions_exam_submit,idx_submissions_grading,idx_submissions_score_rank,idx_submissions_republish	idx_submissions_score_rank	13	NULL	1800	100.00	Using where; Using index

=== ROUND shape=3000 x=51.9 round=1 count=1800 at=2026-09-29T04:22:33.728Z
--- COUNT (exit 0):
total
1800

--- EXPLAIN ANALYZE (exit 0):
EXPLAIN
-> Aggregate: count(0)  (cost=545 rows=1) (actual time=0.766..0.766 rows=1 loops=1)\n    -> Filter: ((exam_submissions.`status` = 3) and (exam_submissions.exam_id = 930003000) and (exam_submissions.total_score is not null) and (exam_submissions.total_score > 51.9))  (cost=365 rows=1800) (actual time=0.047..0.681 rows=1800 loops=1)\n        -> Covering index range scan on exam_submissions using idx_submissions_score_rank over (exam_id = 930003000 AND status = 3 AND 51.9 < total_score)  (cost=365 rows=1800) (actual time=0.0437..0.358 rows=1800 loops=1)\n

=== ROUND shape=3000 x=51.9 round=2 count=1800 at=2026-09-29T04:22:34.179Z
--- COUNT (exit 0):
total
1800

--- EXPLAIN ANALYZE (exit 0):
EXPLAIN
-> Aggregate: count(0)  (cost=545 rows=1) (actual time=0.523..0.523 rows=1 loops=1)\n    -> Filter: ((exam_submissions.`status` = 3) and (exam_submissions.exam_id = 930003000) and (exam_submissions.total_score is not null) and (exam_submissions.total_score > 51.9))  (cost=365 rows=1800) (actual time=0.0314..0.464 rows=1800 loops=1)\n        -> Covering index range scan on exam_submissions using idx_submissions_score_rank over (exam_id = 930003000 AND status = 3 AND 51.9 < total_score)  (cost=365 rows=1800) (actual time=0.029..0.243 rows=1800 loops=1)\n

=== ROUND shape=3000 x=51.9 round=3 count=1800 at=2026-09-29T04:22:34.545Z
--- COUNT (exit 0):
total
1800

--- EXPLAIN ANALYZE (exit 0):
EXPLAIN
-> Aggregate: count(0)  (cost=545 rows=1) (actual time=0.424..0.424 rows=1 loops=1)\n    -> Filter: ((exam_submissions.`status` = 3) and (exam_submissions.exam_id = 930003000) and (exam_submissions.total_score is not null) and (exam_submissions.total_score > 51.9))  (cost=365 rows=1800) (actual time=0.0355..0.372 rows=1800 loops=1)\n        -> Covering index range scan on exam_submissions using idx_submissions_score_rank over (exam_id = 930003000 AND status = 3 AND 51.9 < total_score)  (cost=365 rows=1800) (actual time=0.0327..0.217 rows=1800 loops=1)\n

=== ROUND shape=3000 x=51.9 round=4 count=1800 at=2026-09-29T04:22:34.909Z
--- COUNT (exit 0):
total
1800

--- EXPLAIN ANALYZE (exit 0):
EXPLAIN
-> Aggregate: count(0)  (cost=545 rows=1) (actual time=0.64..0.64 rows=1 loops=1)\n    -> Filter: ((exam_submissions.`status` = 3) and (exam_submissions.exam_id = 930003000) and (exam_submissions.total_score is not null) and (exam_submissions.total_score > 51.9))  (cost=365 rows=1800) (actual time=0.0488..0.561 rows=1800 loops=1)\n        -> Covering index range scan on exam_submissions using idx_submissions_score_rank over (exam_id = 930003000 AND status = 3 AND 51.9 < total_score)  (cost=365 rows=1800) (actual time=0.0455..0.325 rows=1800 loops=1)\n

=== ROUND shape=3000 x=51.9 round=5 count=1800 at=2026-09-29T04:22:35.329Z
--- COUNT (exit 0):
total
1800

--- EXPLAIN ANALYZE (exit 0):
EXPLAIN
-> Aggregate: count(0)  (cost=545 rows=1) (actual time=0.674..0.674 rows=1 loops=1)\n    -> Filter: ((exam_submissions.`status` = 3) and (exam_submissions.exam_id = 930003000) and (exam_submissions.total_score is not null) and (exam_submissions.total_score > 51.9))  (cost=365 rows=1800) (actual time=0.0386..0.547 rows=1800 loops=1)\n        -> Covering index range scan on exam_submissions using idx_submissions_score_rank over (exam_id = 930003000 AND status = 3 AND 51.9 < total_score)  (cost=365 rows=1800) (actual time=0.0357..0.31 rows=1800 loops=1)\n

