mysql startedAtIso=2026-09-30T13:57:18.844Z
docker run exit=0
stdout=c50035da961c572a93e666be1e696f65f18c923751b1196fc0d86ad8e64e5c02
stderr=
ready=true pingAttempts=4
image=mysql@sha256:7dcddc01f13bab2f15cde676d44d01f61fc9f99fe7785e86196dfc07d358ae2b sha256:7dcddc01f13bab2f15cde676d44d01f61fc9f99fe7785e86196dfc07d358ae2b
containerId=c50035da961c572a93e666be1e696f65f18c923751b1196fc0d86ad8e64e5c02
version=
mysql startedAtIso=2026-09-30T13:57:57.480Z
docker run exit=0
stdout=a4d03617f343e5cec18c0e41e1b422b5b5356596aed0ba247655e5173efa47e1
stderr=
ready=true pingAttempts=4
image=mysql@sha256:7dcddc01f13bab2f15cde676d44d01f61fc9f99fe7785e86196dfc07d358ae2b sha256:7dcddc01f13bab2f15cde676d44d01f61fc9f99fe7785e86196dfc07d358ae2b
containerId=a4d03617f343e5cec18c0e41e1b422b5b5356596aed0ba247655e5173efa47e1
version=ver
8.0.46
mysql startedAtIso=2026-09-30T13:58:38.094Z
docker run exit=0
stdout=c1bf16be5479a9e685777fc3f44eb75b4dda371f9a6e3e139a0a392023787880
stderr=
ready=true pingAttempts=4
image=mysql@sha256:7dcddc01f13bab2f15cde676d44d01f61fc9f99fe7785e86196dfc07d358ae2b sha256:7dcddc01f13bab2f15cde676d44d01f61fc9f99fe7785e86196dfc07d358ae2b
containerId=c1bf16be5479a9e685777fc3f44eb75b4dda371f9a6e3e139a0a392023787880
version=ver
8.0.46
mysql startedAtIso=2026-09-30T14:01:11.895Z
docker run exit=0
stdout=9f7917d23e05626f4091c54111cbadc425066c07c43fca89e7330c8f57c6b9f5
stderr=
ready=true pingAttempts=4
image=mysql@sha256:7dcddc01f13bab2f15cde676d44d01f61fc9f99fe7785e86196dfc07d358ae2b sha256:7dcddc01f13bab2f15cde676d44d01f61fc9f99fe7785e86196dfc07d358ae2b
containerId=9f7917d23e05626f4091c54111cbadc425066c07c43fca89e7330c8f57c6b9f5
version=ver
8.0.46
