{
  "site": "s1",
  "shape": 3000,
  "atIso": "2026-09-29T11:39:19.885Z",
  "arms": {
    "OLD": [
      {
        "msId": "com.exam.submission.mapper.ExamSubmissionMapper.selectList",
        "sql": "SELECT  id,exam_id,student_id,start_time,deadline_time,submit_time,submit_type,paper_json,answers,status,version,created_time,updated_time  FROM exam_submissions      WHERE  (student_id = ? AND exam_id IN (?,?,?,?,?,?,?,?,?,?,?,?,?,?,?,?,?,?,?,?,?,?,?,?,?,?,?,?,?,?,?,?,?,?,?,?,?,?,?,?,?,?,?,?,?,?,?,?,?,?))",
        "literal": "SELECT  id,exam_id,student_id,start_time,deadline_time,submit_time,submit_type,paper_json,answers,status,version,created_time,updated_time  FROM exam_submissions      WHERE  (student_id = 973100000 AND exam_id IN (970100049,970100048,970100047,970100046,970100045,970100044,970100043,970100042,970100041,970100040,970100039,970100038,970100037,970100036,970100035,970100034,970100033,970100032,970100031,970100030,970100029,970100028,970100027,970100026,970100025,970100024,970100023,970100022,970100021,970100020,970100019,970100018,970100017,970100016,970100015,970100014,970100013,970100012,970100011,970100010,970100009,970100008,970100007,970100006,970100005,970100004,970100003,970100002,970100001,970100000))",
        "substitution": {
          "placeholderCount": 51,
          "paramCount": 51,
          "replaced": 51
        },
        "captureLiteralSql": "SELECT  id,exam_id,student_id,start_time,deadline_time,submit_time,submit_type,paper_json,answers,status,version,created_time,updated_time  FROM exam_submissions      WHERE  (student_id = 973100000 AND exam_id IN (970100049,970100048,970100047,970100046,970100045,970100044,970100043,970100042,970100041,970100040,970100039,970100038,970100037,970100036,970100035,970100034,970100033,970100032,970100031,970100030,970100029,970100028,970100027,970100026,970100025,970100024,970100023,970100022,970100021,970100020,970100019,970100018,970100017,970100016,970100015,970100014,970100013,970100012,970100011,970100010,970100009,970100008,970100007,970100006,970100005,970100004,970100003,970100002,970100001,970100000))",
        "captureLiteralMatches": true,
        "sqlSha256": "ade75ecd2b315519177c7a663d8050e15efe034db5a5804309e82e925bfff1a5"
      }
    ],
    "PROJ": [
      {
        "msId": "com.exam.submission.mapper.ExamSubmissionMapper.selectList",
        "sql": "SELECT   exam_id,status,deadline_time   FROM exam_submissions      WHERE  (student_id = ? AND exam_id IN (?,?,?,?,?,?,?,?,?,?,?,?,?,?,?,?,?,?,?,?,?,?,?,?,?,?,?,?,?,?,?,?,?,?,?,?,?,?,?,?,?,?,?,?,?,?,?,?,?,?))",
        "literal": "SELECT   exam_id,status,deadline_time   FROM exam_submissions      WHERE  (student_id = 973100000 AND exam_id IN (970100049,970100048,970100047,970100046,970100045,970100044,970100043,970100042,970100041,970100040,970100039,970100038,970100037,970100036,970100035,970100034,970100033,970100032,970100031,970100030,970100029,970100028,970100027,970100026,970100025,970100024,970100023,970100022,970100021,970100020,970100019,970100018,970100017,970100016,970100015,970100014,970100013,970100012,970100011,970100010,970100009,970100008,970100007,970100006,970100005,970100004,970100003,970100002,970100001,970100000))",
        "substitution": {
          "placeholderCount": 51,
          "paramCount": 51,
          "replaced": 51
        },
        "captureLiteralSql": "SELECT   exam_id,status,deadline_time   FROM exam_submissions      WHERE  (student_id = 973100000 AND exam_id IN (970100049,970100048,970100047,970100046,970100045,970100044,970100043,970100042,970100041,970100040,970100039,970100038,970100037,970100036,970100035,970100034,970100033,970100032,970100031,970100030,970100029,970100028,970100027,970100026,970100025,970100024,970100023,970100022,970100021,970100020,970100019,970100018,970100017,970100016,970100015,970100014,970100013,970100012,970100011,970100010,970100009,970100008,970100007,970100006,970100005,970100004,970100003,970100002,970100001,970100000))",
        "captureLiteralMatches": true,
        "sqlSha256": "5bb63c7713fb321c90c8d3087b9534e0057c11549ad04a93add1091877d27e86"
      }
    ],
    "OLDrep": [
      {
        "msId": "com.exam.submission.mapper.ExamSubmissionMapper.selectList",
        "sql": "SELECT  id,exam_id,student_id,start_time,deadline_time,submit_time,submit_type,paper_json,answers,status,version,created_time,updated_time  FROM exam_submissions      WHERE  (student_id = ? AND exam_id IN (?,?,?,?,?,?,?,?,?,?,?,?,?,?,?,?,?,?,?,?,?,?,?,?,?,?,?,?,?,?,?,?,?,?,?,?,?,?,?,?,?,?,?,?,?,?,?,?,?,?))",
        "literal": "SELECT  id,exam_id,student_id,start_time,deadline_time,submit_time,submit_type,paper_json,answers,status,version,created_time,updated_time  FROM exam_submissions      WHERE  (student_id = 973100000 AND exam_id IN (970100049,970100048,970100047,970100046,970100045,970100044,970100043,970100042,970100041,970100040,970100039,970100038,970100037,970100036,970100035,970100034,970100033,970100032,970100031,970100030,970100029,970100028,970100027,970100026,970100025,970100024,970100023,970100022,970100021,970100020,970100019,970100018,970100017,970100016,970100015,970100014,970100013,970100012,970100011,970100010,970100009,970100008,970100007,970100006,970100005,970100004,970100003,970100002,970100001,970100000))",
        "substitution": {
          "placeholderCount": 51,
          "paramCount": 51,
          "replaced": 51
        },
        "captureLiteralSql": "SELECT  id,exam_id,student_id,start_time,deadline_time,submit_time,submit_type,paper_json,answers,status,version,created_time,updated_time  FROM exam_submissions      WHERE  (student_id = 973100000 AND exam_id IN (970100049,970100048,970100047,970100046,970100045,970100044,970100043,970100042,970100041,970100040,970100039,970100038,970100037,970100036,970100035,970100034,970100033,970100032,970100031,970100030,970100029,970100028,970100027,970100026,970100025,970100024,970100023,970100022,970100021,970100020,970100019,970100018,970100017,970100016,970100015,970100014,970100013,970100012,970100011,970100010,970100009,970100008,970100007,970100006,970100005,970100004,970100003,970100002,970100001,970100000))",
        "captureLiteralMatches": true,
        "sqlSha256": "ade75ecd2b315519177c7a663d8050e15efe034db5a5804309e82e925bfff1a5"
      }
    ]
  },
  "oldrepSameTextAsOld": true
}
