{
  "site": "s3",
  "shape": 200,
  "atIso": "2026-09-29T11:38:07.213Z",
  "arms": {
    "OLD": [
      {
        "msId": "com.exam.grading.mapper.GradingSubmissionMapper.selectList",
        "sql": "SELECT  id,exam_id,student_id,submit_time,answers,status,objective_score,subjective_score,total_score,grading_status,grading_error,partial_graded,version,created_time,updated_time  FROM exam_submissions      WHERE  (exam_id = ? AND student_id = ?)",
        "literal": "SELECT  id,exam_id,student_id,submit_time,answers,status,objective_score,subjective_score,total_score,grading_status,grading_error,partial_graded,version,created_time,updated_time  FROM exam_submissions      WHERE  (exam_id = 970200200 AND student_id = 973200000)",
        "substitution": {
          "placeholderCount": 2,
          "paramCount": 2,
          "replaced": 2
        },
        "captureLiteralSql": "SELECT  id,exam_id,student_id,submit_time,answers,status,objective_score,subjective_score,total_score,grading_status,grading_error,partial_graded,version,created_time,updated_time  FROM exam_submissions      WHERE  (exam_id = 970200200 AND student_id = 973200000)",
        "captureLiteralMatches": true,
        "sqlSha256": "b6fe675351907e6d43c08c7c706e9b51813518c14335b249db3f13f0a22b31d2"
      }
    ],
    "PROJ": [
      {
        "msId": "com.exam.grading.mapper.GradingSubmissionMapper.selectList",
        "sql": "SELECT   status,objective_score,subjective_score,total_score,partial_graded   FROM exam_submissions      WHERE  (exam_id = ? AND student_id = ?)",
        "literal": "SELECT   status,objective_score,subjective_score,total_score,partial_graded   FROM exam_submissions      WHERE  (exam_id = 970200200 AND student_id = 973200000)",
        "substitution": {
          "placeholderCount": 2,
          "paramCount": 2,
          "replaced": 2
        },
        "captureLiteralSql": "SELECT   status,objective_score,subjective_score,total_score,partial_graded   FROM exam_submissions      WHERE  (exam_id = 970200200 AND student_id = 973200000)",
        "captureLiteralMatches": true,
        "sqlSha256": "59a27ff54928a0880d60d4fb0660b995b81b545040269e0805371551d6ecddfc"
      }
    ],
    "OLDrep": [
      {
        "msId": "com.exam.grading.mapper.GradingSubmissionMapper.selectList",
        "sql": "SELECT  id,exam_id,student_id,submit_time,answers,status,objective_score,subjective_score,total_score,grading_status,grading_error,partial_graded,version,created_time,updated_time  FROM exam_submissions      WHERE  (exam_id = ? AND student_id = ?)",
        "literal": "SELECT  id,exam_id,student_id,submit_time,answers,status,objective_score,subjective_score,total_score,grading_status,grading_error,partial_graded,version,created_time,updated_time  FROM exam_submissions      WHERE  (exam_id = 970200200 AND student_id = 973200000)",
        "substitution": {
          "placeholderCount": 2,
          "paramCount": 2,
          "replaced": 2
        },
        "captureLiteralSql": "SELECT  id,exam_id,student_id,submit_time,answers,status,objective_score,subjective_score,total_score,grading_status,grading_error,partial_graded,version,created_time,updated_time  FROM exam_submissions      WHERE  (exam_id = 970200200 AND student_id = 973200000)",
        "captureLiteralMatches": true,
        "sqlSha256": "b6fe675351907e6d43c08c7c706e9b51813518c14335b249db3f13f0a22b31d2"
      }
    ]
  },
  "oldrepSameTextAsOld": true
}
